Archive member included to satisfy reference by file (symbol)

d:/stm32cubeide_1.7/stm32cubeide/plugins/com.st.stm32cube.ide.mcu.externaltools.gnu-tools-for-stm32.9-2020-q2-update.win32_2.0.0.202105311346/tools/bin/../lib/gcc/arm-none-eabi/9.3.1/../../../../arm-none-eabi/lib/thumb/v7e-m+fp/hard\libc_nano.a(lib_a-errno.o)
                              ./Core/Src/syscalls.o (__errno)
d:/stm32cubeide_1.7/stm32cubeide/plugins/com.st.stm32cube.ide.mcu.externaltools.gnu-tools-for-stm32.9-2020-q2-update.win32_2.0.0.202105311346/tools/bin/../lib/gcc/arm-none-eabi/9.3.1/../../../../arm-none-eabi/lib/thumb/v7e-m+fp/hard\libc_nano.a(lib_a-exit.o)
                              d:/stm32cubeide_1.7/stm32cubeide/plugins/com.st.stm32cube.ide.mcu.externaltools.gnu-tools-for-stm32.9-2020-q2-update.win32_2.0.0.202105311346/tools/bin/../lib/gcc/arm-none-eabi/9.3.1/../../../../arm-none-eabi/lib/thumb/v7e-m+fp/hard/crt0.o (exit)
d:/stm32cubeide_1.7/stm32cubeide/plugins/com.st.stm32cube.ide.mcu.externaltools.gnu-tools-for-stm32.9-2020-q2-update.win32_2.0.0.202105311346/tools/bin/../lib/gcc/arm-none-eabi/9.3.1/../../../../arm-none-eabi/lib/thumb/v7e-m+fp/hard\libc_nano.a(lib_a-impure.o)
                              d:/stm32cubeide_1.7/stm32cubeide/plugins/com.st.stm32cube.ide.mcu.externaltools.gnu-tools-for-stm32.9-2020-q2-update.win32_2.0.0.202105311346/tools/bin/../lib/gcc/arm-none-eabi/9.3.1/../../../../arm-none-eabi/lib/thumb/v7e-m+fp/hard\libc_nano.a(lib_a-exit.o) (_global_impure_ptr)
d:/stm32cubeide_1.7/stm32cubeide/plugins/com.st.stm32cube.ide.mcu.externaltools.gnu-tools-for-stm32.9-2020-q2-update.win32_2.0.0.202105311346/tools/bin/../lib/gcc/arm-none-eabi/9.3.1/../../../../arm-none-eabi/lib/thumb/v7e-m+fp/hard\libc_nano.a(lib_a-init.o)
                              d:/stm32cubeide_1.7/stm32cubeide/plugins/com.st.stm32cube.ide.mcu.externaltools.gnu-tools-for-stm32.9-2020-q2-update.win32_2.0.0.202105311346/tools/bin/../lib/gcc/arm-none-eabi/9.3.1/../../../../arm-none-eabi/lib/thumb/v7e-m+fp/hard/crt0.o (__libc_init_array)
d:/stm32cubeide_1.7/stm32cubeide/plugins/com.st.stm32cube.ide.mcu.externaltools.gnu-tools-for-stm32.9-2020-q2-update.win32_2.0.0.202105311346/tools/bin/../lib/gcc/arm-none-eabi/9.3.1/../../../../arm-none-eabi/lib/thumb/v7e-m+fp/hard\libc_nano.a(lib_a-memset.o)
                              d:/stm32cubeide_1.7/stm32cubeide/plugins/com.st.stm32cube.ide.mcu.externaltools.gnu-tools-for-stm32.9-2020-q2-update.win32_2.0.0.202105311346/tools/bin/../lib/gcc/arm-none-eabi/9.3.1/../../../../arm-none-eabi/lib/thumb/v7e-m+fp/hard/crt0.o (memset)
d:/stm32cubeide_1.7/stm32cubeide/plugins/com.st.stm32cube.ide.mcu.externaltools.gnu-tools-for-stm32.9-2020-q2-update.win32_2.0.0.202105311346/tools/bin/../lib/gcc/arm-none-eabi/9.3.1/thumb/v7e-m+fp/hard\libgcc.a(_aeabi_uldivmod.o)
                              ./Drivers/STM32F4xx_HAL_Driver/Src/stm32f4xx_hal_rcc.o (__aeabi_uldivmod)
d:/stm32cubeide_1.7/stm32cubeide/plugins/com.st.stm32cube.ide.mcu.externaltools.gnu-tools-for-stm32.9-2020-q2-update.win32_2.0.0.202105311346/tools/bin/../lib/gcc/arm-none-eabi/9.3.1/thumb/v7e-m+fp/hard\libgcc.a(_udivmoddi4.o)
                              d:/stm32cubeide_1.7/stm32cubeide/plugins/com.st.stm32cube.ide.mcu.externaltools.gnu-tools-for-stm32.9-2020-q2-update.win32_2.0.0.202105311346/tools/bin/../lib/gcc/arm-none-eabi/9.3.1/thumb/v7e-m+fp/hard\libgcc.a(_aeabi_uldivmod.o) (__udivmoddi4)
d:/stm32cubeide_1.7/stm32cubeide/plugins/com.st.stm32cube.ide.mcu.externaltools.gnu-tools-for-stm32.9-2020-q2-update.win32_2.0.0.202105311346/tools/bin/../lib/gcc/arm-none-eabi/9.3.1/thumb/v7e-m+fp/hard\libgcc.a(_dvmd_tls.o)
                              d:/stm32cubeide_1.7/stm32cubeide/plugins/com.st.stm32cube.ide.mcu.externaltools.gnu-tools-for-stm32.9-2020-q2-update.win32_2.0.0.202105311346/tools/bin/../lib/gcc/arm-none-eabi/9.3.1/thumb/v7e-m+fp/hard\libgcc.a(_aeabi_uldivmod.o) (__aeabi_ldiv0)

Allocating common symbols
Common symbol       size              file

uwTick              0x4               ./Drivers/STM32F4xx_HAL_Driver/Src/stm32f4xx_hal.o
pFlash              0x20              ./Drivers/STM32F4xx_HAL_Driver/Src/stm32f4xx_hal_flash.o
hspi1               0x58              ./Core/Src/main.o
htim2               0x48              ./Core/Src/main.o

Discarded input sections

 .text          0x0000000000000000        0x0 d:/stm32cubeide_1.7/stm32cubeide/plugins/com.st.stm32cube.ide.mcu.externaltools.gnu-tools-for-stm32.9-2020-q2-update.win32_2.0.0.202105311346/tools/bin/../lib/gcc/arm-none-eabi/9.3.1/thumb/v7e-m+fp/hard/crti.o
 .data          0x0000000000000000        0x0 d:/stm32cubeide_1.7/stm32cubeide/plugins/com.st.stm32cube.ide.mcu.externaltools.gnu-tools-for-stm32.9-2020-q2-update.win32_2.0.0.202105311346/tools/bin/../lib/gcc/arm-none-eabi/9.3.1/thumb/v7e-m+fp/hard/crti.o
[...]
Memory Configuration

Name             Origin             Length             Attributes
CCMRAM           0x0000000010000000 0x0000000000010000 xrw
RAM              0x0000000020000000 0x0000000000020000 xrw
FLASH            0x0000000008000000 0x0000000000100000 xr
*default*        0x0000000000000000 0xffffffffffffffff

Linker script and memory map

LOAD d:/stm32cubeide_1.7/stm32cubeide/plugins/com.st.stm32cube.ide.mcu.externaltools.gnu-tools-for-stm32.9-2020-q2-update.win32_2.0.0.202105311346/tools/bin/../lib/gcc/arm-none-eabi/9.3.1/thumb/v7e-m+fp/hard/crti.o
LOAD d:/stm32cubeide_1.7/stm32cubeide/plugins/com.st.stm32cube.ide.mcu.externaltools.gnu-tools-for-stm32.9-2020-q2-update.win32_2.0.0.202105311346/tools/bin/../lib/gcc/arm-none-eabi/9.3.1/thumb/v7e-m+fp/hard/crtbegin.o
LOAD d:/stm32cubeide_1.7/stm32cubeide/plugins/com.st.stm32cube.ide.mcu.externaltools.gnu-tools-for-stm32.9-2020-q2-update.win32_2.0.0.202105311346/tools/bin/../lib/gcc/arm-none-eabi/9.3.1/../../../../arm-none-eabi/lib/thumb/v7e-m+fp/hard/crt0.o
LOAD ./Core/Src/gpio.o
LOAD ./Core/Src/led_7seg.o
LOAD ./Core/Src/main.o
LOAD ./Core/Src/software_timer.o
LOAD ./Core/Src/spi.o
LOAD ./Core/Src/stm32f4xx_hal_msp.o
LOAD ./Core/Src/stm32f4xx_it.o
LOAD ./Core/Src/syscalls.o
LOAD ./Core/Src/sysmem.o
LOAD ./Core/Src/system_stm32f4xx.o
LOAD ./Core/Src/tim.o
LOAD ./Core/Startup/startup_stm32f407zgtx.o
LOAD ./Drivers/STM32F4xx_HAL_Driver/Src/stm32f4xx_hal.o
LOAD ./Drivers/STM32F4xx_HAL_Driver/Src/stm32f4xx_hal_cortex.o
LOAD ./Drivers/STM32F4xx_HAL_Driver/Src/stm32f4xx_hal_dma.o
LOAD ./Drivers/STM32F4xx_HAL_Driver/Src/stm32f4xx_hal_dma_ex.o
LOAD ./Drivers/STM32F4xx_HAL_Driver/Src/stm32f4xx_hal_exti.o
LOAD ./Drivers/STM32F4xx_HAL_Driver/Src/stm32f4xx_hal_flash.o
LOAD ./Drivers/STM32F4xx_HAL_Driver/Src/stm32f4xx_hal_flash_ex.o
LOAD ./Drivers/STM32F4xx_HAL_Driver/Src/stm32f4xx_hal_flash_ramfunc.o
LOAD ./Drivers/STM32F4xx_HAL_Driver/Src/stm32f4xx_hal_gpio.o
LOAD ./Drivers/STM32F4xx_HAL_Driver/Src/stm32f4xx_hal_pwr.o
LOAD ./Drivers/STM32F4xx_HAL_Driver/Src/stm32f4xx_hal_pwr_ex.o
LOAD ./Drivers/STM32F4xx_HAL_Driver/Src/stm32f4xx_hal_rcc.o
LOAD ./Drivers/STM32F4xx_HAL_Driver/Src/stm32f4xx_hal_rcc_ex.o
LOAD ./Drivers/STM32F4xx_HAL_Driver/Src/stm32f4xx_hal_spi.o
LOAD ./Drivers/STM32F4xx_HAL_Driver/Src/stm32f4xx_hal_tim.o
LOAD ./Drivers/STM32F4xx_HAL_Driver/Src/stm32f4xx_hal_tim_ex.o
START GROUP
LOAD d:/stm32cubeide_1.7/stm32cubeide/plugins/com.st.stm32cube.ide.mcu.externaltools.gnu-tools-for-stm32.9-2020-q2-update.win32_2.0.0.202105311346/tools/bin/../lib/gcc/arm-none-eabi/9.3.1/../../../../arm-none-eabi/lib/thumb/v7e-m+fp/hard\libc_nano.a
LOAD d:/stm32cubeide_1.7/stm32cubeide/plugins/com.st.stm32cube.ide.mcu.externaltools.gnu-tools-for-stm32.9-2020-q2-update.win32_2.0.0.202105311346/tools/bin/../lib/gcc/arm-none-eabi/9.3.1/../../../../arm-none-eabi/lib/thumb/v7e-m+fp/hard\libm.a
END GROUP
START GROUP
LOAD d:/stm32cubeide_1.7/stm32cubeide/plugins/com.st.stm32cube.ide.mcu.externaltools.gnu-tools-for-stm32.9-2020-q2-update.win32_2.0.0.202105311346/tools/bin/../lib/gcc/arm-none-eabi/9.3.1/thumb/v7e-m+fp/hard\libgcc.a
LOAD d:/stm32cubeide_1.7/stm32cubeide/plugins/com.st.stm32cube.ide.mcu.externaltools.gnu-tools-for-stm32.9-2020-q2-update.win32_2.0.0.202105311346/tools/bin/../lib/gcc/arm-none-eabi/9.3.1/../../../../arm-none-eabi/lib/thumb/v7e-m+fp/hard\libc_nano.a
END GROUP
START GROUP
LOAD d:/stm32cubeide_1.7/stm32cubeide/plugins/com.st.stm32cube.ide.mcu.externaltools.gnu-tools-for-stm32.9-2020-q2-update.win32_2.0.0.202105311346/tools/bin/../lib/gcc/arm-none-eabi/9.3.1/thumb/v7e-m+fp/hard\libgcc.a
LOAD d:/stm32cubeide_1.7/stm32cubeide/plugins/com.st.stm32cube.ide.mcu.externaltools.gnu-tools-for-stm32.9-2020-q2-update.win32_2.0.0.202105311346/tools/bin/../lib/gcc/arm-none-eabi/9.3.1/../../../../arm-none-eabi/lib/thumb/v7e-m+fp/hard\libc_nano.a
LOAD d:/stm32cubeide_1.7/stm32cubeide/plugins/com.st.stm32cube.ide.mcu.externaltools.gnu-tools-for-stm32.9-2020-q2-update.win32_2.0.0.202105311346/tools/bin/../lib/gcc/arm-none-eabi/9.3.1/../../../../arm-none-eabi/lib/thumb/v7e-m+fp/hard\libnosys.a
END GROUP
START GROUP
LOAD d:/stm32cubeide_1.7/stm32cubeide/plugins/com.st.stm32cube.ide.mcu.externaltools.gnu-tools-for-stm32.9-2020-q2-update.win32_2.0.0.202105311346/tools/bin/../lib/gcc/arm-none-eabi/9.3.1/thumb/v7e-m+fp/hard\libgcc.a
LOAD d:/stm32cubeide_1.7/stm32cubeide/plugins/com.st.stm32cube.ide.mcu.externaltools.gnu-tools-for-stm32.9-2020-q2-update.win32_2.0.0.202105311346/tools/bin/../lib/gcc/arm-none-eabi/9.3.1/../../../../arm-none-eabi/lib/thumb/v7e-m+fp/hard\libc_nano.a
LOAD d:/stm32cubeide_1.7/stm32cubeide/plugins/com.st.stm32cube.ide.mcu.externaltools.gnu-tools-for-stm32.9-2020-q2-update.win32_2.0.0.202105311346/tools/bin/../lib/gcc/arm-none-eabi/9.3.1/../../../../arm-none-eabi/lib/thumb/v7e-m+fp/hard\libnosys.a
END GROUP
LOAD d:/stm32cubeide_1.7/stm32cubeide/plugins/com.st.stm32cube.ide.mcu.externaltools.gnu-tools-for-stm32.9-2020-q2-update.win32_2.0.0.202105311346/tools/bin/../lib/gcc/arm-none-eabi/9.3.1/thumb/v7e-m+fp/hard/crtend.o
LOAD d:/stm32cubeide_1.7/stm32cubeide/plugins/com.st.stm32cube.ide.mcu.externaltools.gnu-tools-for-stm32.9-2020-q2-update.win32_2.0.0.202105311346/tools/bin/../lib/gcc/arm-none-eabi/9.3.1/thumb/v7e-m+fp/hard/crtn.o
                0x0000000020020000                _estack = (ORIGIN (RAM) + LENGTH (RAM))
                0x0000000000000200                _Min_Heap_Size = 0x200
                0x0000000000000400                _Min_Stack_Size = 0x400

.isr_vector     0x0000000008000000      0x188
                0x0000000008000000                . = ALIGN (0x4)
 *(.isr_vector)
 .isr_vector    0x0000000008000000      0x188 ./Core/Startup/startup_stm32f407zgtx.o
                0x0000000008000000                g_pfnVectors
                0x0000000008000188                . = ALIGN (0x4)

.text           0x0000000008000188     0x283c
                0x0000000008000188                . = ALIGN (0x4)
 *(.text)
 .text          0x0000000008000188       0x40 d:/stm32cubeide_1.7/stm32cubeide/plugins/com.st.stm32cube.ide.mcu.externaltools.gnu-tools-for-stm32.9-2020-q2-update.win32_2.0.0.202105311346/tools/bin/../lib/gcc/arm-none-eabi/9.3.1/thumb/v7e-m+fp/hard/crtbegin.o
 .text          0x00000000080001c8       0x30 d:/stm32cubeide_1.7/stm32cubeide/plugins/com.st.stm32cube.ide.mcu.externaltools.gnu-tools-for-stm32.9-2020-q2-update.win32_2.0.0.202105311346/tools/bin/../lib/gcc/arm-none-eabi/9.3.1/thumb/v7e-m+fp/hard\libgcc.a(_aeabi_uldivmod.o)
                0x00000000080001c8                __aeabi_uldivmod
 .text          0x00000000080001f8      0x2c4 d:/stm32cubeide_1.7/stm32cubeide/plugins/com.st.stm32cube.ide.mcu.externaltools.gnu-tools-for-stm32.9-2020-q2-update.win32_2.0.0.202105311346/tools/bin/../lib/gcc/arm-none-eabi/9.3.1/thumb/v7e-m+fp/hard\libgcc.a(_udivmoddi4.o)
                0x00000000080001f8                __udivmoddi4
 .text          0x00000000080004bc        0x4 d:/stm32cubeide_1.7/stm32cubeide/plugins/com.st.stm32cube.ide.mcu.externaltools.gnu-tools-for-stm32.9-2020-q2-update.win32_2.0.0.202105311346/tools/bin/../lib/gcc/arm-none-eabi/9.3.1/thumb/v7e-m+fp/hard\libgcc.a(_dvmd_tls.o)
                0x00000000080004bc                __aeabi_idiv0
                0x00000000080004bc                __aeabi_ldiv0
 *(.text*)
 .text.MX_GPIO_Init
                0x00000000080004c0      0x19c ./Core/Src/gpio.o
                0x00000000080004c0                MX_GPIO_Init
 .text.led7_init
                0x000000000800065c       0x18 ./Core/Src/led_7seg.o
                0x000000000800065c                led7_init
 .text.led7_Scan
                0x0000000008000674      0x118 ./Core/Src/led_7seg.o
                0x0000000008000674                led7_Scan
 .text.main     0x000000000800078c       0x1e ./Core/Src/main.o
                0x000000000800078c                main
 *fill*         0x00000000080007aa        0x2 
 .text.SystemClock_Config
                0x00000000080007ac       0xd4 ./Core/Src/main.o
                0x00000000080007ac                SystemClock_Config
 .text.system_init
                0x0000000008000880       0x10 ./Core/Src/main.o
                0x0000000008000880                system_init
 .text.Error_Handler
                0x0000000008000890        0xa ./Core/Src/main.o
                0x0000000008000890                Error_Handler
 *fill*         0x000000000800089a        0x2 
 .text.timer_init
                0x000000000800089c       0x14 ./Core/Src/software_timer.o
                0x000000000800089c                timer_init
 .text.HAL_TIM_PeriodElapsedCallback
                0x00000000080008b0       0x7c ./Core/Src/software_timer.o
                0x00000000080008b0                HAL_TIM_PeriodElapsedCallback
 .text.MX_SPI1_Init
                0x000000000800092c       0x6c ./Core/Src/spi.o
                0x000000000800092c                MX_SPI1_Init
 .text.HAL_SPI_MspInit
                0x0000000008000998       0x90 ./Core/Src/spi.o
                0x0000000008000998                HAL_SPI_MspInit
 .text.HAL_MspInit
                0x0000000008000a28       0x50 ./Core/Src/stm32f4xx_hal_msp.o
                0x0000000008000a28                HAL_MspInit
 .text.NMI_Handler
                0x0000000008000a78        0x6 ./Core/Src/stm32f4xx_it.o
                0x0000000008000a78                NMI_Handler
 .text.HardFault_Handler
                0x0000000008000a7e        0x6 ./Core/Src/stm32f4xx_it.o
                0x0000000008000a7e                HardFault_Handler
 .text.MemManage_Handler
                0x0000000008000a84        0x6 ./Core/Src/stm32f4xx_it.o
                0x0000000008000a84                MemManage_Handler
 .text.BusFault_Handler
                0x0000000008000a8a        0x6 ./Core/Src/stm32f4xx_it.o
                0x0000000008000a8a                BusFault_Handler
 .text.UsageFault_Handler
                0x0000000008000a90        0x6 ./Core/Src/stm32f4xx_it.o
                0x0000000008000a90                UsageFault_Handler
 .text.SVC_Handler
                0x0000000008000a96        0xe ./Core/Src/stm32f4xx_it.o
                0x0000000008000a96                SVC_Handler
 .text.DebugMon_Handler
                0x0000000008000aa4        0xe ./Core/Src/stm32f4xx_it.o
                0x0000000008000aa4                DebugMon_Handler
 .text.PendSV_Handler
                0x0000000008000ab2        0xe ./Core/Src/stm32f4xx_it.o
                0x0000000008000ab2                PendSV_Handler
 .text.SysTick_Handler
                0x0000000008000ac0        0xc ./Core/Src/stm32f4xx_it.o
                0x0000000008000ac0                SysTick_Handler
 .text.TIM2_IRQHandler
                0x0000000008000acc       0x14 ./Core/Src/stm32f4xx_it.o
                0x0000000008000acc                TIM2_IRQHandler
 .text.SystemInit
                0x0000000008000ae0       0x24 ./Core/Src/system_stm32f4xx.o
                0x0000000008000ae0                SystemInit
 .text.MX_TIM2_Init
                0x0000000008000b04       0x98 ./Core/Src/tim.o
                0x0000000008000b04                MX_TIM2_Init
 .text.HAL_TIM_Base_MspInit
                0x0000000008000b9c       0x4c ./Core/Src/tim.o
                0x0000000008000b9c                HAL_TIM_Base_MspInit
 .text.Reset_Handler
                0x0000000008000be8       0x50 ./Core/Startup/startup_stm32f407zgtx.o
                0x0000000008000be8                Reset_Handler
 .text.Default_Handler
                0x0000000008000c38        0x2 ./Core/Startup/startup_stm32f407zgtx.o
                0x0000000008000c38                RTC_Alarm_IRQHandler
                0x0000000008000c38                HASH_RNG_IRQHandler
                0x0000000008000c38                EXTI2_IRQHandler
                0x0000000008000c38                TIM8_CC_IRQHandler
                0x0000000008000c38                TIM1_CC_IRQHandler
                0x0000000008000c38                DMA2_Stream5_IRQHandler
                0x0000000008000c38                DMA1_Stream5_IRQHandler
                0x0000000008000c38                PVD_IRQHandler
                0x0000000008000c38                SDIO_IRQHandler
                0x0000000008000c38                TAMP_STAMP_IRQHandler
                0x0000000008000c38                CAN2_RX1_IRQHandler
                0x0000000008000c38                EXTI3_IRQHandler
                0x0000000008000c38                TIM8_TRG_COM_TIM14_IRQHandler
                0x0000000008000c38                TIM1_UP_TIM10_IRQHandler
                0x0000000008000c38                TIM8_UP_TIM13_IRQHandler
                0x0000000008000c38                I2C3_ER_IRQHandler
                0x0000000008000c38                EXTI0_IRQHandler
                0x0000000008000c38                I2C2_EV_IRQHandler
                0x0000000008000c38                DMA1_Stream2_IRQHandler
                0x0000000008000c38                CAN1_RX0_IRQHandler
                0x0000000008000c38                FPU_IRQHandler
                0x0000000008000c38                OTG_HS_WKUP_IRQHandler
                0x0000000008000c38                CAN2_SCE_IRQHandler
                0x0000000008000c38                DMA2_Stream2_IRQHandler
                0x0000000008000c38                SPI1_IRQHandler
                0x0000000008000c38                TIM6_DAC_IRQHandler
                0x0000000008000c38                TIM1_BRK_TIM9_IRQHandler
                0x0000000008000c38                DCMI_IRQHandler
                0x0000000008000c38                CAN2_RX0_IRQHandler
                0x0000000008000c38                DMA2_Stream3_IRQHandler
                0x0000000008000c38                USART6_IRQHandler
                0x0000000008000c38                USART3_IRQHandler
                0x0000000008000c38                CAN1_RX1_IRQHandler
                0x0000000008000c38                UART5_IRQHandler
                0x0000000008000c38                DMA2_Stream0_IRQHandler
                0x0000000008000c38                TIM4_IRQHandler
                0x0000000008000c38                I2C1_EV_IRQHandler
                0x0000000008000c38                DMA1_Stream6_IRQHandler
                0x0000000008000c38                DMA1_Stream1_IRQHandler
                0x0000000008000c38                UART4_IRQHandler
                0x0000000008000c38                TIM3_IRQHandler
                0x0000000008000c38                RCC_IRQHandler
                0x0000000008000c38                TIM8_BRK_TIM12_IRQHandler
                0x0000000008000c38                Default_Handler
                0x0000000008000c38                EXTI15_10_IRQHandler
                0x0000000008000c38                ADC_IRQHandler
                0x0000000008000c38                DMA1_Stream7_IRQHandler
                0x0000000008000c38                TIM7_IRQHandler
                0x0000000008000c38                CAN2_TX_IRQHandler
                0x0000000008000c38                TIM5_IRQHandler
                0x0000000008000c38                DMA2_Stream7_IRQHandler
                0x0000000008000c38                I2C3_EV_IRQHandler
                0x0000000008000c38                EXTI9_5_IRQHandler
                0x0000000008000c38                RTC_WKUP_IRQHandler
                0x0000000008000c38                ETH_WKUP_IRQHandler
                0x0000000008000c38                SPI2_IRQHandler
                0x0000000008000c38                OTG_HS_EP1_IN_IRQHandler
                0x0000000008000c38                DMA1_Stream0_IRQHandler
                0x0000000008000c38                CAN1_TX_IRQHandler
                0x0000000008000c38                EXTI4_IRQHandler
                0x0000000008000c38                FSMC_IRQHandler
                0x0000000008000c38                ETH_IRQHandler
                0x0000000008000c38                OTG_HS_EP1_OUT_IRQHandler
                0x0000000008000c38                WWDG_IRQHandler
                0x0000000008000c38                OTG_FS_WKUP_IRQHandler
                0x0000000008000c38                TIM1_TRG_COM_TIM11_IRQHandler
                0x0000000008000c38                OTG_HS_IRQHandler
                0x0000000008000c38                EXTI1_IRQHandler
                0x0000000008000c38                USART2_IRQHandler
                0x0000000008000c38                I2C2_ER_IRQHandler
                0x0000000008000c38                DMA2_Stream1_IRQHandler
                0x0000000008000c38                CAN1_SCE_IRQHandler
                0x0000000008000c38                FLASH_IRQHandler
                0x0000000008000c38                DMA2_Stream4_IRQHandler
                0x0000000008000c38                USART1_IRQHandler
                0x0000000008000c38                OTG_FS_IRQHandler
                0x0000000008000c38                SPI3_IRQHandler
                0x0000000008000c38                DMA1_Stream4_IRQHandler
                0x0000000008000c38                I2C1_ER_IRQHandler
                0x0000000008000c38                DMA2_Stream6_IRQHandler
                0x0000000008000c38                DMA1_Stream3_IRQHandler
 *fill*         0x0000000008000c3a        0x2 
 .text.HAL_Init
                0x0000000008000c3c       0x44 ./Drivers/STM32F4xx_HAL_Driver/Src/stm32f4xx_hal.o
                0x0000000008000c3c                HAL_Init
 .text.HAL_InitTick
                0x0000000008000c80       0x60 ./Drivers/STM32F4xx_HAL_Driver/Src/stm32f4xx_hal.o
                0x0000000008000c80                HAL_InitTick
 .text.HAL_IncTick
                0x0000000008000ce0       0x28 ./Drivers/STM32F4xx_HAL_Driver/Src/stm32f4xx_hal.o
                0x0000000008000ce0                HAL_IncTick
 .text.HAL_GetTick
                0x0000000008000d08       0x18 ./Drivers/STM32F4xx_HAL_Driver/Src/stm32f4xx_hal.o
                0x0000000008000d08                HAL_GetTick
 .text.__NVIC_SetPriorityGrouping
                0x0000000008000d20       0x48 ./Drivers/STM32F4xx_HAL_Driver/Src/stm32f4xx_hal_cortex.o
 .text.__NVIC_GetPriorityGrouping
                0x0000000008000d68       0x1c ./Drivers/STM32F4xx_HAL_Driver/Src/stm32f4xx_hal_cortex.o
 .text.__NVIC_EnableIRQ
                0x0000000008000d84       0x3c ./Drivers/STM32F4xx_HAL_Driver/Src/stm32f4xx_hal_cortex.o
 .text.__NVIC_SetPriority
                0x0000000008000dc0       0x54 ./Drivers/STM32F4xx_HAL_Driver/Src/stm32f4xx_hal_cortex.o
 .text.NVIC_EncodePriority
                0x0000000008000e14       0x66 ./Drivers/STM32F4xx_HAL_Driver/Src/stm32f4xx_hal_cortex.o
 *fill*         0x0000000008000e7a        0x2 
 .text.SysTick_Config
                0x0000000008000e7c       0x44 ./Drivers/STM32F4xx_HAL_Driver/Src/stm32f4xx_hal_cortex.o
 .text.HAL_NVIC_SetPriorityGrouping
                0x0000000008000ec0       0x16 ./Drivers/STM32F4xx_HAL_Driver/Src/stm32f4xx_hal_cortex.o
                0x0000000008000ec0                HAL_NVIC_SetPriorityGrouping
 .text.HAL_NVIC_SetPriority
                0x0000000008000ed6       0x38 ./Drivers/STM32F4xx_HAL_Driver/Src/stm32f4xx_hal_cortex.o
                0x0000000008000ed6                HAL_NVIC_SetPriority
 .text.HAL_NVIC_EnableIRQ
                0x0000000008000f0e       0x1c ./Drivers/STM32F4xx_HAL_Driver/Src/stm32f4xx_hal_cortex.o
                0x0000000008000f0e                HAL_NVIC_EnableIRQ
 .text.HAL_SYSTICK_Config
                0x0000000008000f2a       0x18 ./Drivers/STM32F4xx_HAL_Driver/Src/stm32f4xx_hal_cortex.o
                0x0000000008000f2a                HAL_SYSTICK_Config
 *fill*         0x0000000008000f42        0x2 
 .text.HAL_GPIO_Init
                0x0000000008000f44      0x338 ./Drivers/STM32F4xx_HAL_Driver/Src/stm32f4xx_hal_gpio.o
                0x0000000008000f44                HAL_GPIO_Init
 .text.HAL_GPIO_WritePin
                0x000000000800127c       0x32 ./Drivers/STM32F4xx_HAL_Driver/Src/stm32f4xx_hal_gpio.o
                0x000000000800127c                HAL_GPIO_WritePin
 *fill*         0x00000000080012ae        0x2 
 .text.HAL_RCC_OscConfig
                0x00000000080012b0      0x4f0 ./Drivers/STM32F4xx_HAL_Driver/Src/stm32f4xx_hal_rcc.o
                0x00000000080012b0                HAL_RCC_OscConfig
 .text.HAL_RCC_ClockConfig
                0x00000000080017a0      0x1cc ./Drivers/STM32F4xx_HAL_Driver/Src/stm32f4xx_hal_rcc.o
                0x00000000080017a0                HAL_RCC_ClockConfig
 .text.HAL_RCC_GetSysClockFreq
                0x000000000800196c      0x1c4 ./Drivers/STM32F4xx_HAL_Driver/Src/stm32f4xx_hal_rcc.o
                0x000000000800196c                HAL_RCC_GetSysClockFreq
 .text.HAL_SPI_Init
                0x0000000008001b30      0x112 ./Drivers/STM32F4xx_HAL_Driver/Src/stm32f4xx_hal_spi.o
                0x0000000008001b30                HAL_SPI_Init
 .text.HAL_SPI_Transmit
                0x0000000008001c42      0x278 ./Drivers/STM32F4xx_HAL_Driver/Src/stm32f4xx_hal_spi.o
                0x0000000008001c42                HAL_SPI_Transmit
 *fill*         0x0000000008001eba        0x2 
 .text.SPI_WaitFlagStateUntilTimeout
                0x0000000008001ebc      0x110 ./Drivers/STM32F4xx_HAL_Driver/Src/stm32f4xx_hal_spi.o
 .text.SPI_EndRxTxTransaction
                0x0000000008001fcc       0x84 ./Drivers/STM32F4xx_HAL_Driver/Src/stm32f4xx_hal_spi.o
 .text.HAL_TIM_Base_Init
                0x0000000008002050       0x9e ./Drivers/STM32F4xx_HAL_Driver/Src/stm32f4xx_hal_tim.o
                0x0000000008002050                HAL_TIM_Base_Init
 *fill*         0x00000000080020ee        0x2 
 .text.HAL_TIM_Base_Start_IT
                0x00000000080020f0       0xe0 ./Drivers/STM32F4xx_HAL_Driver/Src/stm32f4xx_hal_tim.o
                0x00000000080020f0                HAL_TIM_Base_Start_IT
 .text.HAL_TIM_IRQHandler
                0x00000000080021d0      0x210 ./Drivers/STM32F4xx_HAL_Driver/Src/stm32f4xx_hal_tim.o
                0x00000000080021d0                HAL_TIM_IRQHandler
 .text.HAL_TIM_ConfigClockSource
                0x00000000080023e0      0x18e ./Drivers/STM32F4xx_HAL_Driver/Src/stm32f4xx_hal_tim.o
                0x00000000080023e0                HAL_TIM_ConfigClockSource
 .text.HAL_TIM_OC_DelayElapsedCallback
                0x000000000800256e       0x14 ./Drivers/STM32F4xx_HAL_Driver/Src/stm32f4xx_hal_tim.o
                0x000000000800256e                HAL_TIM_OC_DelayElapsedCallback
 .text.HAL_TIM_IC_CaptureCallback
                0x0000000008002582       0x14 ./Drivers/STM32F4xx_HAL_Driver/Src/stm32f4xx_hal_tim.o
                0x0000000008002582                HAL_TIM_IC_CaptureCallback
 .text.HAL_TIM_PWM_PulseFinishedCallback
                0x0000000008002596       0x14 ./Drivers/STM32F4xx_HAL_Driver/Src/stm32f4xx_hal_tim.o
                0x0000000008002596                HAL_TIM_PWM_PulseFinishedCallback
 .text.HAL_TIM_TriggerCallback
                0x00000000080025aa       0x14 ./Drivers/STM32F4xx_HAL_Driver/Src/stm32f4xx_hal_tim.o
                0x00000000080025aa                HAL_TIM_TriggerCallback
 *fill*         0x00000000080025be        0x2 
 .text.TIM_Base_SetConfig
                0x00000000080025c0      0x140 ./Drivers/STM32F4xx_HAL_Driver/Src/stm32f4xx_hal_tim.o
                0x00000000080025c0                TIM_Base_SetConfig
 .text.TIM_TI1_ConfigInputStage
                0x0000000008002700       0x5e ./Drivers/STM32F4xx_HAL_Driver/Src/stm32f4xx_hal_tim.o
 .text.TIM_TI2_ConfigInputStage
                0x000000000800275e       0x60 ./Drivers/STM32F4xx_HAL_Driver/Src/stm32f4xx_hal_tim.o
 .text.TIM_ITRx_SetConfig
                0x00000000080027be       0x36 ./Drivers/STM32F4xx_HAL_Driver/Src/stm32f4xx_hal_tim.o
 .text.TIM_ETR_SetConfig
                0x00000000080027f4       0x40 ./Drivers/STM32F4xx_HAL_Driver/Src/stm32f4xx_hal_tim.o
                0x00000000080027f4                TIM_ETR_SetConfig
 .text.HAL_TIMEx_MasterConfigSynchronization
                0x0000000008002834       0xf8 ./Drivers/STM32F4xx_HAL_Driver/Src/stm32f4xx_hal_tim_ex.o
                0x0000000008002834                HAL_TIMEx_MasterConfigSynchronization
 .text.HAL_TIMEx_CommutCallback
                0x000000000800292c       0x14 ./Drivers/STM32F4xx_HAL_Driver/Src/stm32f4xx_hal_tim_ex.o
                0x000000000800292c                HAL_TIMEx_CommutCallback
 .text.HAL_TIMEx_BreakCallback
                0x0000000008002940       0x14 ./Drivers/STM32F4xx_HAL_Driver/Src/stm32f4xx_hal_tim_ex.o
                0x0000000008002940                HAL_TIMEx_BreakCallback
 .text.__libc_init_array
                0x0000000008002954       0x48 d:/stm32cubeide_1.7/stm32cubeide/plugins/com.st.stm32cube.ide.mcu.externaltools.gnu-tools-for-stm32.9-2020-q2-update.win32_2.0.0.202105311346/tools/bin/../lib/gcc/arm-none-eabi/9.3.1/../../../../arm-none-eabi/lib/thumb/v7e-m+fp/hard\libc_nano.a(lib_a-init.o)
                0x0000000008002954                __libc_init_array
 .text.memset   0x000000000800299c       0x10 d:/stm32cubeide_1.7/stm32cubeide/plugins/com.st.stm32cube.ide.mcu.externaltools.gnu-tools-for-stm32.9-2020-q2-update.win32_2.0.0.202105311346/tools/bin/../lib/gcc/arm-none-eabi/9.3.1/../../../../arm-none-eabi/lib/thumb/v7e-m+fp/hard\libc_nano.a(lib_a-memset.o)
                0x000000000800299c                memset
 *(.glue_7)
 .glue_7        0x00000000080029ac        0x0 linker stubs
 *(.glue_7t)
 .glue_7t       0x00000000080029ac        0x0 linker stubs
 *(.eh_frame)
 .eh_frame      0x00000000080029ac        0x0 d:/stm32cubeide_1.7/stm32cubeide/plugins/com.st.stm32cube.ide.mcu.externaltools.gnu-tools-for-stm32.9-2020-q2-update.win32_2.0.0.202105311346/tools/bin/../lib/gcc/arm-none-eabi/9.3.1/thumb/v7e-m+fp/hard/crtbegin.o
 *(.init)
 .init          0x00000000080029ac        0x4 d:/stm32cubeide_1.7/stm32cubeide/plugins/com.st.stm32cube.ide.mcu.externaltools.gnu-tools-for-stm32.9-2020-q2-update.win32_2.0.0.202105311346/tools/bin/../lib/gcc/arm-none-eabi/9.3.1/thumb/v7e-m+fp/hard/crti.o
                0x00000000080029ac                _init
 .init          0x00000000080029b0        0x8 d:/stm32cubeide_1.7/stm32cubeide/plugins/com.st.stm32cube.ide.mcu.externaltools.gnu-tools-for-stm32.9-2020-q2-update.win32_2.0.0.202105311346/tools/bin/../lib/gcc/arm-none-eabi/9.3.1/thumb/v7e-m+fp/hard/crtn.o
 *(.fini)
 .fini          0x00000000080029b8        0x4 d:/stm32cubeide_1.7/stm32cubeide/plugins/com.st.stm32cube.ide.mcu.externaltools.gnu-tools-for-stm32.9-2020-q2-update.win32_2.0.0.202105311346/tools/bin/../lib/gcc/arm-none-eabi/9.3.1/thumb/v7e-m+fp/hard/crti.o
                0x00000000080029b8                _fini
 .fini          0x00000000080029bc        0x8 d:/stm32cubeide_1.7/stm32cubeide/plugins/com.st.stm32cube.ide.mcu.externaltools.gnu-tools-for-stm32.9-2020-q2-update.win32_2.0.0.202105311346/tools/bin/../lib/gcc/arm-none-eabi/9.3.1/thumb/v7e-m+fp/hard/crtn.o
                0x00000000080029c4                . = ALIGN (0x4)
                0x00000000080029c4                _etext = .

.vfp11_veneer   0x00000000080029c4        0x0
 .vfp11_veneer  0x00000000080029c4        0x0 linker stubs

.v4_bx          0x00000000080029c4        0x0
 .v4_bx         0x00000000080029c4        0x0 linker stubs

.iplt           0x00000000080029c4        0x0
 .iplt          0x00000000080029c4        0x0 d:/stm32cubeide_1.7/stm32cubeide/plugins/com.st.stm32cube.ide.mcu.externaltools.gnu-tools-for-stm32.9-2020-q2-update.win32_2.0.0.202105311346/tools/bin/../lib/gcc/arm-none-eabi/9.3.1/thumb/v7e-m+fp/hard/crtbegin.o

.rodata         0x00000000080029c4       0x10
                0x00000000080029c4                . = ALIGN (0x4)
 *(.rodata)
 *(.rodata*)
 .rodata.AHBPrescTable
                0x00000000080029c4       0x10 ./Core/Src/system_stm32f4xx.o
                0x00000000080029c4                AHBPrescTable
                0x00000000080029d4                . = ALIGN (0x4)

.ARM.extab      0x00000000080029d4        0x0
                0x00000000080029d4                . = ALIGN (0x4)
 *(.ARM.extab* .gnu.linkonce.armextab.*)
                0x00000000080029d4                . = ALIGN (0x4)

.ARM            0x00000000080029d4        0x8
                0x00000000080029d4                . = ALIGN (0x4)
                0x00000000080029d4                __exidx_start = .
 *(.ARM.exidx*)
 .ARM.exidx     0x00000000080029d4        0x8 d:/stm32cubeide_1.7/stm32cubeide/plugins/com.st.stm32cube.ide.mcu.externaltools.gnu-tools-for-stm32.9-2020-q2-update.win32_2.0.0.202105311346/tools/bin/../lib/gcc/arm-none-eabi/9.3.1/thumb/v7e-m+fp/hard\libgcc.a(_udivmoddi4.o)
                0x00000000080029dc                __exidx_end = .
                0x00000000080029dc                . = ALIGN (0x4)

.rel.dyn        0x00000000080029dc        0x0
 .rel.iplt      0x00000000080029dc        0x0 d:/stm32cubeide_1.7/stm32cubeide/plugins/com.st.stm32cube.ide.mcu.externaltools.gnu-tools-for-stm32.9-2020-q2-update.win32_2.0.0.202105311346/tools/bin/../lib/gcc/arm-none-eabi/9.3.1/thumb/v7e-m+fp/hard/crtbegin.o

.preinit_array  0x00000000080029dc        0x0
                0x00000000080029dc                . = ALIGN (0x4)
                0x00000000080029dc                PROVIDE (__preinit_array_start = .)
 *(.preinit_array*)
                0x00000000080029dc                PROVIDE (__preinit_array_end = .)
                0x00000000080029dc                . = ALIGN (0x4)

.init_array     0x00000000080029dc        0x4
                0x00000000080029dc                . = ALIGN (0x4)
                0x00000000080029dc                PROVIDE (__init_array_start = .)
 *(SORT_BY_NAME(.init_array.*))
 *(.init_array*)
 .init_array    0x00000000080029dc        0x4 d:/stm32cubeide_1.7/stm32cubeide/plugins/com.st.stm32cube.ide.mcu.externaltools.gnu-tools-for-stm32.9-2020-q2-update.win32_2.0.0.202105311346/tools/bin/../lib/gcc/arm-none-eabi/9.3.1/thumb/v7e-m+fp/hard/crtbegin.o
                0x00000000080029e0                PROVIDE (__init_array_end = .)
                0x00000000080029e0                . = ALIGN (0x4)

.fini_array     0x00000000080029e0        0x4
                0x00000000080029e0                . = ALIGN (0x4)
                [!provide]                        PROVIDE (__fini_array_start = .)
 *(SORT_BY_NAME(.fini_array.*))
 *(.fini_array*)
 .fini_array    0x00000000080029e0        0x4 d:/stm32cubeide_1.7/stm32cubeide/plugins/com.st.stm32cube.ide.mcu.externaltools.gnu-tools-for-stm32.9-2020-q2-update.win32_2.0.0.202105311346/tools/bin/../lib/gcc/arm-none-eabi/9.3.1/thumb/v7e-m+fp/hard/crtbegin.o
                [!provide]                        PROVIDE (__fini_array_end = .)
                0x00000000080029e4                . = ALIGN (0x4)
                0x00000000080029e4                _sidata = LOADADDR (.data)

.data           0x0000000020000000       0x18 load address 0x00000000080029e4
                0x0000000020000000                . = ALIGN (0x4)
                0x0000000020000000                _sdata = .
 *(.data)
 *(.data*)
 .data.led7seg  0x0000000020000000        0x4 ./Core/Src/led_7seg.o
                0x0000000020000000                led7seg
 .data.spi_buffer
                0x0000000020000004        0x2 ./Core/Src/led_7seg.o
                0x0000000020000004                spi_buffer
 *fill*         0x0000000020000006        0x2 
 .data.counter_7seg_scan
                0x0000000020000008        0x4 ./Core/Src/software_timer.o
                0x0000000020000008                counter_7seg_scan
 .data.SystemCoreClock
                0x000000002000000c        0x4 ./Core/Src/system_stm32f4xx.o
                0x000000002000000c                SystemCoreClock
 .data.uwTickPrio
                0x0000000020000010        0x4 ./Drivers/STM32F4xx_HAL_Driver/Src/stm32f4xx_hal.o
                0x0000000020000010                uwTickPrio
 .data.uwTickFreq
                0x0000000020000014        0x1 ./Drivers/STM32F4xx_HAL_Driver/Src/stm32f4xx_hal.o
                0x0000000020000014                uwTickFreq
 *(.RamFunc)
 *(.RamFunc*)
                0x0000000020000018                . = ALIGN (0x4)
 *fill*         0x0000000020000015        0x3 
                0x0000000020000018                _edata = .
                0x00000000080029fc                _siccmram = LOADADDR (.ccmram)

.igot.plt       0x0000000020000018        0x0 load address 0x00000000080029fc
 .igot.plt      0x0000000020000018        0x0 d:/stm32cubeide_1.7/stm32cubeide/plugins/com.st.stm32cube.ide.mcu.externaltools.gnu-tools-for-stm32.9-2020-q2-update.win32_2.0.0.202105311346/tools/bin/../lib/gcc/arm-none-eabi/9.3.1/thumb/v7e-m+fp/hard/crtbegin.o

.ccmram         0x0000000010000000        0x0 load address 0x00000000080029fc
                0x0000000010000000                . = ALIGN (0x4)
                0x0000000010000000                _sccmram = .
 *(.ccmram)
 *(.ccmram*)
                0x0000000010000000                . = ALIGN (0x4)
                0x0000000010000000                _eccmram = .
                0x0000000010000000                . = ALIGN (0x4)

.bss            0x0000000020000018       0xc8
                0x0000000020000018                _sbss = .
                0x0000000020000018                __bss_start__ = _sbss
 *(.bss)
 .bss           0x0000000020000018       0x1c d:/stm32cubeide_1.7/stm32cubeide/plugins/com.st.stm32cube.ide.mcu.externaltools.gnu-tools-for-stm32.9-2020-q2-update.win32_2.0.0.202105311346/tools/bin/../lib/gcc/arm-none-eabi/9.3.1/thumb/v7e-m+fp/hard/crtbegin.o
 *(.bss*)
 .bss.led7_index
                0x0000000020000034        0x2 ./Core/Src/led_7seg.o
                0x0000000020000034                led7_index
 .bss.flag_timer2
                0x0000000020000036        0x2 ./Core/Src/software_timer.o
                0x0000000020000036                flag_timer2
 .bss.timer2_counter
                0x0000000020000038        0x2 ./Core/Src/software_timer.o
                0x0000000020000038                timer2_counter
 .bss.timer2_MUL
                0x000000002000003a        0x2 ./Core/Src/software_timer.o
                0x000000002000003a                timer2_MUL
 *(COMMON)
 COMMON         0x000000002000003c       0xa0 ./Core/Src/main.o
                0x000000002000003c                hspi1
                0x0000000020000094                htim2
 COMMON         0x00000000200000dc        0x4 ./Drivers/STM32F4xx_HAL_Driver/Src/stm32f4xx_hal.o
                0x00000000200000dc                uwTick
                0x00000000200000e0                . = ALIGN (0x4)
                0x00000000200000e0                _ebss = .
                0x00000000200000e0                __bss_end__ = _ebss

._user_heap_stack
                0x00000000200000e0      0x600
                0x00000000200000e0                . = ALIGN (0x8)
                [!provide]                        PROVIDE (end = .)
                0x00000000200000e0                PROVIDE (_end = .)
                0x00000000200002e0                . = (. + _Min_Heap_Size)
 *fill*         0x00000000200000e0      0x200 
                0x00000000200006e0                . = (. + _Min_Stack_Size)
 *fill*         0x00000000200002e0      0x400 
                0x00000000200006e0                . = ALIGN (0x8)

/DISCARD/
 libc.a(*)
 libm.a(*)
 libgcc.a(*)

.ARM.attributes
                0x0000000000000000       0x30
 *(.ARM.attributes)
 .ARM.attributes
                0x0000000000000000       0x1e d:/stm32cubeide_1.7/stm32cubeide/plugins/com.st.stm32cube.ide.mcu.externaltools.gnu-tools-for-stm32.9-2020-q2-update.win32_2.0.0.202105311346/tools/bin/../lib/gcc/arm-none-eabi/9.3.1/thumb/v7e-m+fp/hard/crti.o
 .ARM.attributes
                0x000000000000001e       0x34 d:/stm32cubeide_1.7/stm32cubeide/plugins/com.st.stm32cube.ide.mcu.externaltools.gnu-tools-for-stm32.9-2020-q2-update.win32_2.0.0.202105311346/tools/bin/../lib/gcc/arm-none-eabi/9.3.1/thumb/v7e-m+fp/hard/crtbegin.o
 .ARM.attributes
                0x0000000000000052       0x34 ./Core/Src/gpio.o
 .ARM.attributes
                0x0000000000000086       0x34 ./Core/Src/led_7seg.o
 .ARM.attributes
                0x00000000000000ba       0x34 ./Core/Src/main.o
 .ARM.attributes
                0x00000000000000ee       0x34 ./Core/Src/software_timer.o
 .ARM.attributes
                0x0000000000000122       0x34 ./Core/Src/spi.o
 .ARM.attributes
                0x0000000000000156       0x34 ./Core/Src/stm32f4xx_hal_msp.o
 .ARM.attributes
                0x000000000000018a       0x34 ./Core/Src/stm32f4xx_it.o
 .ARM.attributes
                0x00000000000001be       0x34 ./Core/Src/system_stm32f4xx.o
 .ARM.attributes
                0x00000000000001f2       0x34 ./Core/Src/tim.o
 .ARM.attributes
                0x0000000000000226       0x21 ./Core/Startup/startup_stm32f407zgtx.o
 .ARM.attributes
                0x0000000000000247       0x34 ./Drivers/STM32F4xx_HAL_Driver/Src/stm32f4xx_hal.o
 .ARM.attributes
                0x000000000000027b       0x34 ./Drivers/STM32F4xx_HAL_Driver/Src/stm32f4xx_hal_cortex.o
 .ARM.attributes
                0x00000000000002af       0x34 ./Drivers/STM32F4xx_HAL_Driver/Src/stm32f4xx_hal_gpio.o
 .ARM.attributes
                0x00000000000002e3       0x34 ./Drivers/STM32F4xx_HAL_Driver/Src/stm32f4xx_hal_rcc.o
 .ARM.attributes
                0x0000000000000317       0x34 ./Drivers/STM32F4xx_HAL_Driver/Src/stm32f4xx_hal_spi.o
 .ARM.attributes
                0x000000000000034b       0x34 ./Drivers/STM32F4xx_HAL_Driver/Src/stm32f4xx_hal_tim.o
 .ARM.attributes
                0x000000000000037f       0x34 ./Drivers/STM32F4xx_HAL_Driver/Src/stm32f4xx_hal_tim_ex.o
 .ARM.attributes
                0x00000000000003b3       0x34 d:/stm32cubeide_1.7/stm32cubeide/plugins/com.st.stm32cube.ide.mcu.externaltools.gnu-tools-for-stm32.9-2020-q2-update.win32_2.0.0.202105311346/tools/bin/../lib/gcc/arm-none-eabi/9.3.1/../../../../arm-none-eabi/lib/thumb/v7e-m+fp/hard\libc_nano.a(lib_a-init.o)
 .ARM.attributes
                0x00000000000003e7       0x34 d:/stm32cubeide_1.7/stm32cubeide/plugins/com.st.stm32cube.ide.mcu.externaltools.gnu-tools-for-stm32.9-2020-q2-update.win32_2.0.0.202105311346/tools/bin/../lib/gcc/arm-none-eabi/9.3.1/../../../../arm-none-eabi/lib/thumb/v7e-m+fp/hard\libc_nano.a(lib_a-memset.o)
 .ARM.attributes
                0x000000000000041b       0x1e d:/stm32cubeide_1.7/stm32cubeide/plugins/com.st.stm32cube.ide.mcu.externaltools.gnu-tools-for-stm32.9-2020-q2-update.win32_2.0.0.202105311346/tools/bin/../lib/gcc/arm-none-eabi/9.3.1/thumb/v7e-m+fp/hard\libgcc.a(_aeabi_uldivmod.o)
 .ARM.attributes
                0x0000000000000439       0x34 d:/stm32cubeide_1.7/stm32cubeide/plugins/com.st.stm32cube.ide.mcu.externaltools.gnu-tools-for-stm32.9-2020-q2-update.win32_2.0.0.202105311346/tools/bin/../lib/gcc/arm-none-eabi/9.3.1/thumb/v7e-m+fp/hard\libgcc.a(_udivmoddi4.o)
 .ARM.attributes
                0x000000000000046d       0x1e d:/stm32cubeide_1.7/stm32cubeide/plugins/com.st.stm32cube.ide.mcu.externaltools.gnu-tools-for-stm32.9-2020-q2-update.win32_2.0.0.202105311346/tools/bin/../lib/gcc/arm-none-eabi/9.3.1/thumb/v7e-m+fp/hard\libgcc.a(_dvmd_tls.o)
 .ARM.attributes
                0x000000000000048b       0x1e d:/stm32cubeide_1.7/stm32cubeide/plugins/com.st.stm32cube.ide.mcu.externaltools.gnu-tools-for-stm32.9-2020-q2-update.win32_2.0.0.202105311346/tools/bin/../lib/gcc/arm-none-eabi/9.3.1/thumb/v7e-m+fp/hard/crtn.o
OUTPUT(Bai2_Timer_7seg.elf elf32-littlearm)
LOAD linker stubs
LOAD d:/stm32cubeide_1.7/stm32cubeide/plugins/com.st.stm32cube.ide.mcu.externaltools.gnu-tools-for-stm32.9-2020-q2-update.win32_2.0.0.202105311346/tools/bin/../lib/gcc/arm-none-eabi/9.3.1/../../../../arm-none-eabi/lib/thumb/v7e-m+fp/hard\libc.a
LOAD d:/stm32cubeide_1.7/stm32cubeide/plugins/com.st.stm32cube.ide.mcu.externaltools.gnu-tools-for-stm32.9-2020-q2-update.win32_2.0.0.202105311346/tools/bin/../lib/gcc/arm-none-eabi/9.3.1/../../../../arm-none-eabi/lib/thumb/v7e-m+fp/hard\libm.a
LOAD d:/stm32cubeide_1.7/stm32cubeide/plugins/com.st.stm32cube.ide.mcu.externaltools.gnu-tools-for-stm32.9-2020-q2-update.win32_2.0.0.202105311346/tools/bin/../lib/gcc/arm-none-eabi/9.3.1/thumb/v7e-m+fp/hard\libgcc.a

.debug_info     0x0000000000000000     0xd318
 .debug_info    0x0000000000000000      0x569 ./Core/Src/gpio.o
 .debug_info    0x0000000000000569      0x89c ./Core/Src/led_7seg.o
 .debug_info    0x0000000000000e05      0xe3e ./Core/Src/main.o
 .debug_info    0x0000000000001c43      0xab7 ./Core/Src/software_timer.o
 .debug_info    0x00000000000026fa      0xa5a ./Core/Src/spi.o
 .debug_info    0x0000000000003154      0x394 ./Core/Src/stm32f4xx_hal_msp.o
 .debug_info    0x00000000000034e8      0x801 ./Core/Src/stm32f4xx_it.o
 .debug_info    0x0000000000003ce9      0x5a4 ./Core/Src/system_stm32f4xx.o
 .debug_info    0x000000000000428d      0xc88 ./Core/Src/tim.o
 .debug_info    0x0000000000004f15       0x22 ./Core/Startup/startup_stm32f407zgtx.o
 .debug_info    0x0000000000004f37      0x9b2 ./Drivers/STM32F4xx_HAL_Driver/Src/stm32f4xx_hal.o
 .debug_info    0x00000000000058e9      0xed7 ./Drivers/STM32F4xx_HAL_Driver/Src/stm32f4xx_hal_cortex.o
 .debug_info    0x00000000000067c0      0x83e ./Drivers/STM32F4xx_HAL_Driver/Src/stm32f4xx_hal_gpio.o
 .debug_info    0x0000000000006ffe      0x996 ./Drivers/STM32F4xx_HAL_Driver/Src/stm32f4xx_hal_rcc.o
 .debug_info    0x0000000000007994     0x17c0 ./Drivers/STM32F4xx_HAL_Driver/Src/stm32f4xx_hal_spi.o
 .debug_info    0x0000000000009154     0x2c22 ./Drivers/STM32F4xx_HAL_Driver/Src/stm32f4xx_hal_tim.o
 .debug_info    0x000000000000bd76     0x15a2 ./Drivers/STM32F4xx_HAL_Driver/Src/stm32f4xx_hal_tim_ex.o

.debug_abbrev   0x0000000000000000     0x1ef4
 .debug_abbrev  0x0000000000000000      0x14e ./Core/Src/gpio.o
 .debug_abbrev  0x000000000000014e      0x1a9 ./Core/Src/led_7seg.o
 .debug_abbrev  0x00000000000002f7      0x215 ./Core/Src/main.o
 .debug_abbrev  0x000000000000050c      0x1c7 ./Core/Src/software_timer.o
 .debug_abbrev  0x00000000000006d3      0x1bb ./Core/Src/spi.o
 .debug_abbrev  0x000000000000088e      0x11d ./Core/Src/stm32f4xx_hal_msp.o
 .debug_abbrev  0x00000000000009ab      0x176 ./Core/Src/stm32f4xx_it.o
 .debug_abbrev  0x0000000000000b21      0x145 ./Core/Src/system_stm32f4xx.o
 .debug_abbrev  0x0000000000000c66      0x1bb ./Core/Src/tim.o
 .debug_abbrev  0x0000000000000e21       0x12 ./Core/Startup/startup_stm32f407zgtx.o
 .debug_abbrev  0x0000000000000e33      0x1ed ./Drivers/STM32F4xx_HAL_Driver/Src/stm32f4xx_hal.o
 .debug_abbrev  0x0000000000001020      0x33c ./Drivers/STM32F4xx_HAL_Driver/Src/stm32f4xx_hal_cortex.o
 .debug_abbrev  0x000000000000135c      0x1f1 ./Drivers/STM32F4xx_HAL_Driver/Src/stm32f4xx_hal_gpio.o
 .debug_abbrev  0x000000000000154d      0x275 ./Drivers/STM32F4xx_HAL_Driver/Src/stm32f4xx_hal_rcc.o
 .debug_abbrev  0x00000000000017c2      0x26e ./Drivers/STM32F4xx_HAL_Driver/Src/stm32f4xx_hal_spi.o
 .debug_abbrev  0x0000000000001a30      0x25e ./Drivers/STM32F4xx_HAL_Driver/Src/stm32f4xx_hal_tim.o
 .debug_abbrev  0x0000000000001c8e      0x266 ./Drivers/STM32F4xx_HAL_Driver/Src/stm32f4xx_hal_tim_ex.o

.debug_aranges  0x0000000000000000      0xbf8
 .debug_aranges
                0x0000000000000000       0x20 ./Core/Src/gpio.o
 .debug_aranges
                0x0000000000000020       0x48 ./Core/Src/led_7seg.o
 .debug_aranges
                0x0000000000000068       0x38 ./Core/Src/main.o
 .debug_aranges
                0x00000000000000a0       0x30 ./Core/Src/software_timer.o
 .debug_aranges
                0x00000000000000d0       0x30 ./Core/Src/spi.o
 .debug_aranges
                0x0000000000000100       0x20 ./Core/Src/stm32f4xx_hal_msp.o
 .debug_aranges
                0x0000000000000120       0x68 ./Core/Src/stm32f4xx_it.o
 .debug_aranges
                0x0000000000000188       0x28 ./Core/Src/system_stm32f4xx.o
 .debug_aranges
                0x00000000000001b0       0x30 ./Core/Src/tim.o
 .debug_aranges
                0x00000000000001e0       0x28 ./Core/Startup/startup_stm32f407zgtx.o
 .debug_aranges
                0x0000000000000208       0xf0 ./Drivers/STM32F4xx_HAL_Driver/Src/stm32f4xx_hal.o
 .debug_aranges
                0x00000000000002f8      0x118 ./Drivers/STM32F4xx_HAL_Driver/Src/stm32f4xx_hal_cortex.o
 .debug_aranges
                0x0000000000000410       0x58 ./Drivers/STM32F4xx_HAL_Driver/Src/stm32f4xx_hal_gpio.o
 .debug_aranges
                0x0000000000000468       0x88 ./Drivers/STM32F4xx_HAL_Driver/Src/stm32f4xx_hal_rcc.o
 .debug_aranges
                0x00000000000004f0      0x1d0 ./Drivers/STM32F4xx_HAL_Driver/Src/stm32f4xx_hal_spi.o
 .debug_aranges
                0x00000000000006c0      0x3d0 ./Drivers/STM32F4xx_HAL_Driver/Src/stm32f4xx_hal_tim.o
 .debug_aranges
                0x0000000000000a90      0x168 ./Drivers/STM32F4xx_HAL_Driver/Src/stm32f4xx_hal_tim_ex.o

.debug_ranges   0x0000000000000000      0xaf0
 .debug_ranges  0x0000000000000000       0x10 ./Core/Src/gpio.o
 .debug_ranges  0x0000000000000010       0x38 ./Core/Src/led_7seg.o
 .debug_ranges  0x0000000000000048       0x28 ./Core/Src/main.o
 .debug_ranges  0x0000000000000070       0x20 ./Core/Src/software_timer.o
 .debug_ranges  0x0000000000000090       0x20 ./Core/Src/spi.o
 .debug_ranges  0x00000000000000b0       0x10 ./Core/Src/stm32f4xx_hal_msp.o
 .debug_ranges  0x00000000000000c0       0x58 ./Core/Src/stm32f4xx_it.o
 .debug_ranges  0x0000000000000118       0x18 ./Core/Src/system_stm32f4xx.o
 .debug_ranges  0x0000000000000130       0x20 ./Core/Src/tim.o
 .debug_ranges  0x0000000000000150       0x20 ./Core/Startup/startup_stm32f407zgtx.o
 .debug_ranges  0x0000000000000170       0xe0 ./Drivers/STM32F4xx_HAL_Driver/Src/stm32f4xx_hal.o
 .debug_ranges  0x0000000000000250      0x108 ./Drivers/STM32F4xx_HAL_Driver/Src/stm32f4xx_hal_cortex.o
 .debug_ranges  0x0000000000000358       0x48 ./Drivers/STM32F4xx_HAL_Driver/Src/stm32f4xx_hal_gpio.o
 .debug_ranges  0x00000000000003a0       0x78 ./Drivers/STM32F4xx_HAL_Driver/Src/stm32f4xx_hal_rcc.o
 .debug_ranges  0x0000000000000418      0x1c0 ./Drivers/STM32F4xx_HAL_Driver/Src/stm32f4xx_hal_spi.o
 .debug_ranges  0x00000000000005d8      0x3c0 ./Drivers/STM32F4xx_HAL_Driver/Src/stm32f4xx_hal_tim.o
 .debug_ranges  0x0000000000000998      0x158 ./Drivers/STM32F4xx_HAL_Driver/Src/stm32f4xx_hal_tim_ex.o

.debug_macro    0x0000000000000000    0x2095c
 .debug_macro   0x0000000000000000      0x1e7 ./Core/Src/gpio.o
 .debug_macro   0x00000000000001e7      0xaa8 ./Core/Src/gpio.o
 .debug_macro   0x0000000000000c8f      0x29b ./Core/Src/gpio.o
 .debug_macro   0x0000000000000f2a       0x2e ./Core/Src/gpio.o
 .debug_macro   0x0000000000000f58       0x2f ./Core/Src/gpio.o
 .debug_macro   0x0000000000000f87       0x22 ./Core/Src/gpio.o
 .debug_macro   0x0000000000000fa9       0x8e ./Core/Src/gpio.o
 .debug_macro   0x0000000000001037       0x51 ./Core/Src/gpio.o
 .debug_macro   0x0000000000001088      0x103 ./Core/Src/gpio.o
 .debug_macro   0x000000000000118b       0x6a ./Core/Src/gpio.o
 .debug_macro   0x00000000000011f5      0x1df ./Core/Src/gpio.o
 .debug_macro   0x00000000000013d4       0x1c ./Core/Src/gpio.o
 .debug_macro   0x00000000000013f0       0x22 ./Core/Src/gpio.o
 .debug_macro   0x0000000000001412       0xdf ./Core/Src/gpio.o
 .debug_macro   0x00000000000014f1     0x102d ./Core/Src/gpio.o
 .debug_macro   0x000000000000251e      0x11f ./Core/Src/gpio.o
 .debug_macro   0x000000000000263d    0x15e58 ./Core/Src/gpio.o
 .debug_macro   0x0000000000018495       0x6d ./Core/Src/gpio.o
 .debug_macro   0x0000000000018502     0x3666 ./Core/Src/gpio.o
 .debug_macro   0x000000000001bb68      0x174 ./Core/Src/gpio.o
 .debug_macro   0x000000000001bcdc       0x5c ./Core/Src/gpio.o
 .debug_macro   0x000000000001bd38      0x96b ./Core/Src/gpio.o
 .debug_macro   0x000000000001c6a3      0x9fe ./Core/Src/gpio.o
 .debug_macro   0x000000000001d0a1      0x116 ./Core/Src/gpio.o
 .debug_macro   0x000000000001d1b7      0x13e ./Core/Src/gpio.o
 .debug_macro   0x000000000001d2f5       0xa5 ./Core/Src/gpio.o
 .debug_macro   0x000000000001d39a      0x174 ./Core/Src/gpio.o
 .debug_macro   0x000000000001d50e      0x287 ./Core/Src/gpio.o
 .debug_macro   0x000000000001d795       0x5f ./Core/Src/gpio.o
 .debug_macro   0x000000000001d7f4      0x236 ./Core/Src/gpio.o
 .debug_macro   0x000000000001da2a      0x12c ./Core/Src/gpio.o
 .debug_macro   0x000000000001db56      0x21e ./Core/Src/gpio.o
 .debug_macro   0x000000000001dd74       0x2e ./Core/Src/gpio.o
 .debug_macro   0x000000000001dda2      0x11a ./Core/Src/gpio.o
 .debug_macro   0x000000000001debc       0x7e ./Core/Src/gpio.o
 .debug_macro   0x000000000001df3a       0x89 ./Core/Src/gpio.o
 .debug_macro   0x000000000001dfc3      0x225 ./Core/Src/gpio.o
 .debug_macro   0x000000000001e1e8      0x8d1 ./Core/Src/gpio.o
 .debug_macro   0x000000000001eab9       0x47 ./Core/Src/gpio.o
 .debug_macro   0x000000000001eb00      0x12d ./Core/Src/gpio.o
 .debug_macro   0x000000000001ec2d       0x70 ./Core/Src/gpio.o
 .debug_macro   0x000000000001ec9d      0x1f5 ./Core/Src/led_7seg.o
 .debug_macro   0x000000000001ee92      0x21f ./Core/Src/main.o
 .debug_macro   0x000000000001f0b1      0x20f ./Core/Src/software_timer.o
 .debug_macro   0x000000000001f2c0      0x1e7 ./Core/Src/spi.o
 .debug_macro   0x000000000001f4a7      0x1dd ./Core/Src/stm32f4xx_hal_msp.o
 .debug_macro   0x000000000001f684      0x1e7 ./Core/Src/stm32f4xx_it.o
 .debug_macro   0x000000000001f86b      0x1ce ./Core/Src/system_stm32f4xx.o
 .debug_macro   0x000000000001fa39      0x1e7 ./Core/Src/tim.o
 .debug_macro   0x000000000001fc20      0x22e ./Drivers/STM32F4xx_HAL_Driver/Src/stm32f4xx_hal.o
 .debug_macro   0x000000000001fe4e      0x1ce ./Drivers/STM32F4xx_HAL_Driver/Src/stm32f4xx_hal_cortex.o
 .debug_macro   0x000000000002001c      0x1d4 ./Drivers/STM32F4xx_HAL_Driver/Src/stm32f4xx_hal_gpio.o
 .debug_macro   0x00000000000201f0      0x1f2 ./Drivers/STM32F4xx_HAL_Driver/Src/stm32f4xx_hal_rcc.o
 .debug_macro   0x00000000000203e2      0x1dd ./Drivers/STM32F4xx_HAL_Driver/Src/stm32f4xx_hal_spi.o
 .debug_macro   0x00000000000205bf      0x1cf ./Drivers/STM32F4xx_HAL_Driver/Src/stm32f4xx_hal_tim.o
 .debug_macro   0x000000000002078e      0x1ce ./Drivers/STM32F4xx_HAL_Driver/Src/stm32f4xx_hal_tim_ex.o

.debug_line     0x0000000000000000     0xdbdf
 .debug_line    0x0000000000000000      0x6f2 ./Core/Src/gpio.o
 .debug_line    0x00000000000006f2      0x7ac ./Core/Src/led_7seg.o
 .debug_line    0x0000000000000e9e      0x77c ./Core/Src/main.o
 .debug_line    0x000000000000161a      0x742 ./Core/Src/software_timer.o
 .debug_line    0x0000000000001d5c      0x723 ./Core/Src/spi.o
 .debug_line    0x000000000000247f      0x6b2 ./Core/Src/stm32f4xx_hal_msp.o
 .debug_line    0x0000000000002b31      0x78c ./Core/Src/stm32f4xx_it.o
 .debug_line    0x00000000000032bd      0x733 ./Core/Src/system_stm32f4xx.o
 .debug_line    0x00000000000039f0      0x71e ./Core/Src/tim.o
 .debug_line    0x000000000000410e       0x88 ./Core/Startup/startup_stm32f407zgtx.o
 .debug_line    0x0000000000004196      0x999 ./Drivers/STM32F4xx_HAL_Driver/Src/stm32f4xx_hal.o
 .debug_line    0x0000000000004b2f      0xc48 ./Drivers/STM32F4xx_HAL_Driver/Src/stm32f4xx_hal_cortex.o
 .debug_line    0x0000000000005777      0xb0f ./Drivers/STM32F4xx_HAL_Driver/Src/stm32f4xx_hal_gpio.o
 .debug_line    0x0000000000006286      0xd15 ./Drivers/STM32F4xx_HAL_Driver/Src/stm32f4xx_hal_rcc.o
 .debug_line    0x0000000000006f9b     0x1c21 ./Drivers/STM32F4xx_HAL_Driver/Src/stm32f4xx_hal_spi.o
 .debug_line    0x0000000000008bbc     0x368d ./Drivers/STM32F4xx_HAL_Driver/Src/stm32f4xx_hal_tim.o
 .debug_line    0x000000000000c249     0x1996 ./Drivers/STM32F4xx_HAL_Driver/Src/stm32f4xx_hal_tim_ex.o

.debug_str      0x0000000000000000    0xc648a
 .debug_str     0x0000000000000000    0xc2e58 ./Core/Src/gpio.o
                                      0xc30db (size before relaxing)
 .debug_str     0x00000000000c2e58      0x475 ./Core/Src/led_7seg.o
                                      0xc343d (size before relaxing)
 .debug_str     0x00000000000c32cd      0x42c ./Core/Src/main.o
                                      0xc391a (size before relaxing)
 .debug_str     0x00000000000c36f9       0xa6 ./Core/Src/software_timer.o
                                      0xc371d (size before relaxing)
 .debug_str     0x00000000000c379f       0x46 ./Core/Src/spi.o
                                      0xc3533 (size before relaxing)
 .debug_str     0x00000000000c37e5       0x2c ./Core/Src/stm32f4xx_hal_msp.o
                                      0xc303d (size before relaxing)
 .debug_str     0x00000000000c3811       0xcd ./Core/Src/stm32f4xx_it.o
                                      0xc3502 (size before relaxing)
 .debug_str     0x00000000000c38de       0xaf ./Core/Src/system_stm32f4xx.o
                                      0xc2ef0 (size before relaxing)
 .debug_str     0x00000000000c398d      0x5c3 ./Core/Src/tim.o
                                      0xc3b56 (size before relaxing)
 .debug_str     0x00000000000c3f50       0x36 ./Core/Startup/startup_stm32f407zgtx.o
                                         0x5a (size before relaxing)
 .debug_str     0x00000000000c3f86      0x583 ./Drivers/STM32F4xx_HAL_Driver/Src/stm32f4xx_hal.o
                                      0xc39d2 (size before relaxing)
 .debug_str     0x00000000000c4509      0x399 ./Drivers/STM32F4xx_HAL_Driver/Src/stm32f4xx_hal_cortex.o
                                      0xc37c1 (size before relaxing)
 .debug_str     0x00000000000c48a2      0x15f ./Drivers/STM32F4xx_HAL_Driver/Src/stm32f4xx_hal_gpio.o
                                      0xc3097 (size before relaxing)
 .debug_str     0x00000000000c4a01      0x259 ./Drivers/STM32F4xx_HAL_Driver/Src/stm32f4xx_hal_rcc.o
                                      0xc32f2 (size before relaxing)
 .debug_str     0x00000000000c4c5a      0x57a ./Drivers/STM32F4xx_HAL_Driver/Src/stm32f4xx_hal_spi.o
                                      0xc3794 (size before relaxing)
 .debug_str     0x00000000000c51d4      0xdc8 ./Drivers/STM32F4xx_HAL_Driver/Src/stm32f4xx_hal_tim.o
                                      0xc421f (size before relaxing)
 .debug_str     0x00000000000c5f9c      0x4ee ./Drivers/STM32F4xx_HAL_Driver/Src/stm32f4xx_hal_tim_ex.o
                                      0xc39d0 (size before relaxing)

.comment        0x0000000000000000       0x53
 .comment       0x0000000000000000       0x53 ./Core/Src/gpio.o
                                         0x54 (size before relaxing)
 .comment       0x0000000000000053       0x54 ./Core/Src/led_7seg.o
 .comment       0x0000000000000053       0x54 ./Core/Src/main.o
 .comment       0x0000000000000053       0x54 ./Core/Src/software_timer.o
 .comment       0x0000000000000053       0x54 ./Core/Src/spi.o
 .comment       0x0000000000000053       0x54 ./Core/Src/stm32f4xx_hal_msp.o
 .comment       0x0000000000000053       0x54 ./Core/Src/stm32f4xx_it.o
 .comment       0x0000000000000053       0x54 ./Core/Src/system_stm32f4xx.o
 .comment       0x0000000000000053       0x54 ./Core/Src/tim.o
 .comment       0x0000000000000053       0x54 ./Drivers/STM32F4xx_HAL_Driver/Src/stm32f4xx_hal.o
 .comment       0x0000000000000053       0x54 ./Drivers/STM32F4xx_HAL_Driver/Src/stm32f4xx_hal_cortex.o
 .comment       0x0000000000000053       0x54 ./Drivers/STM32F4xx_HAL_Driver/Src/stm32f4xx_hal_gpio.o
 .comment       0x0000000000000053       0x54 ./Drivers/STM32F4xx_HAL_Driver/Src/stm32f4xx_hal_rcc.o
 .comment       0x0000000000000053       0x54 ./Drivers/STM32F4xx_HAL_Driver/Src/stm32f4xx_hal_spi.o
 .comment       0x0000000000000053       0x54 ./Drivers/STM32F4xx_HAL_Driver/Src/stm32f4xx_hal_tim.o
 .comment       0x0000000000000053       0x54 ./Drivers/STM32F4xx_HAL_Driver/Src/stm32f4xx_hal_tim_ex.o

.debug_frame    0x0000000000000000     0x30cc
 .debug_frame   0x0000000000000000       0x34 ./Core/Src/gpio.o
 .debug_frame   0x0000000000000034       0xe8 ./Core/Src/led_7seg.o
 .debug_frame   0x000000000000011c       0x84 ./Core/Src/main.o
 .debug_frame   0x00000000000001a0       0x78 ./Core/Src/software_timer.o
 .debug_frame   0x0000000000000218       0x74 ./Core/Src/spi.o
 .debug_frame   0x000000000000028c       0x38 ./Core/Src/stm32f4xx_hal_msp.o
 .debug_frame   0x00000000000002c4      0x120 ./Core/Src/stm32f4xx_it.o
 .debug_frame   0x00000000000003e4       0x58 ./Core/Src/system_stm32f4xx.o
 .debug_frame   0x000000000000043c       0x7c ./Core/Src/tim.o
 .debug_frame   0x00000000000004b8      0x374 ./Drivers/STM32F4xx_HAL_Driver/Src/stm32f4xx_hal.o
 .debug_frame   0x000000000000082c      0x498 ./Drivers/STM32F4xx_HAL_Driver/Src/stm32f4xx_hal_cortex.o
 .debug_frame   0x0000000000000cc4      0x14c ./Drivers/STM32F4xx_HAL_Driver/Src/stm32f4xx_hal_gpio.o
 .debug_frame   0x0000000000000e10      0x1f0 ./Drivers/STM32F4xx_HAL_Driver/Src/stm32f4xx_hal_rcc.o
 .debug_frame   0x0000000000001000      0x824 ./Drivers/STM32F4xx_HAL_Driver/Src/stm32f4xx_hal_spi.o
 .debug_frame   0x0000000000001824     0x11c4 ./Drivers/STM32F4xx_HAL_Driver/Src/stm32f4xx_hal_tim.o
 .debug_frame   0x00000000000029e8      0x638 ./Drivers/STM32F4xx_HAL_Driver/Src/stm32f4xx_hal_tim_ex.o
 .debug_frame   0x0000000000003020       0x2c d:/stm32cubeide_1.7/stm32cubeide/plugins/com.st.stm32cube.ide.mcu.externaltools.gnu-tools-for-stm32.9-2020-q2-update.win32_2.0.0.202105311346/tools/bin/../lib/gcc/arm-none-eabi/9.3.1/../../../../arm-none-eabi/lib/thumb/v7e-m+fp/hard\libc_nano.a(lib_a-init.o)
 .debug_frame   0x000000000000304c       0x20 d:/stm32cubeide_1.7/stm32cubeide/plugins/com.st.stm32cube.ide.mcu.externaltools.gnu-tools-for-stm32.9-2020-q2-update.win32_2.0.0.202105311346/tools/bin/../lib/gcc/arm-none-eabi/9.3.1/../../../../arm-none-eabi/lib/thumb/v7e-m+fp/hard\libc_nano.a(lib_a-memset.o)
 .debug_frame   0x000000000000306c       0x2c d:/stm32cubeide_1.7/stm32cubeide/plugins/com.st.stm32cube.ide.mcu.externaltools.gnu-tools-for-stm32.9-2020-q2-update.win32_2.0.0.202105311346/tools/bin/../lib/gcc/arm-none-eabi/9.3.1/thumb/v7e-m+fp/hard\libgcc.a(_aeabi_uldivmod.o)
 .debug_frame   0x0000000000003098       0x34 d:/stm32cubeide_1.7/stm32cubeide/plugins/com.st.stm32cube.ide.mcu.externaltools.gnu-tools-for-stm32.9-2020-q2-update.win32_2.0.0.202105311346/tools/bin/../lib/gcc/arm-none-eabi/9.3.1/thumb/v7e-m+fp/hard\libgcc.a(_udivmoddi4.o)
