Archive member included to satisfy reference by file (symbol)

d:/stm32cubeide_1.7/stm32cubeide/plugins/com.st.stm32cube.ide.mcu.externaltools.gnu-tools-for-stm32.9-2020-q2-update.win32_2.0.0.202105311346/tools/bin/../lib/gcc/arm-none-eabi/9.3.1/../../../../arm-none-eabi/lib/thumb/v7e-m+fp/hard\libc_nano.a(lib_a-errno.o)
                              ./Core/Src/syscalls.o (__errno)
d:/stm32cubeide_1.7/stm32cubeide/plugins/com.st.stm32cube.ide.mcu.externaltools.gnu-tools-for-stm32.9-2020-q2-update.win32_2.0.0.202105311346/tools/bin/../lib/gcc/arm-none-eabi/9.3.1/../../../../arm-none-eabi/lib/thumb/v7e-m+fp/hard\libc_nano.a(lib_a-exit.o)
                              d:/stm32cubeide_1.7/stm32cubeide/plugins/com.st.stm32cube.ide.mcu.externaltools.gnu-tools-for-stm32.9-2020-q2-update.win32_2.0.0.202105311346/tools/bin/../lib/gcc/arm-none-eabi/9.3.1/../../../../arm-none-eabi/lib/thumb/v7e-m+fp/hard/crt0.o (exit)
d:/stm32cubeide_1.7/stm32cubeide/plugins/com.st.stm32cube.ide.mcu.externaltools.gnu-tools-for-stm32.9-2020-q2-update.win32_2.0.0.202105311346/tools/bin/../lib/gcc/arm-none-eabi/9.3.1/../../../../arm-none-eabi/lib/thumb/v7e-m+fp/hard\libc_nano.a(lib_a-impure.o)
                              d:/stm32cubeide_1.7/stm32cubeide/plugins/com.st.stm32cube.ide.mcu.externaltools.gnu-tools-for-stm32.9-2020-q2-update.win32_2.0.0.202105311346/tools/bin/../lib/gcc/arm-none-eabi/9.3.1/../../../../arm-none-eabi/lib/thumb/v7e-m+fp/hard\libc_nano.a(lib_a-exit.o) (_global_impure_ptr)
d:/stm32cubeide_1.7/stm32cubeide/plugins/com.st.stm32cube.ide.mcu.externaltools.gnu-tools-for-stm32.9-2020-q2-update.win32_2.0.0.202105311346/tools/bin/../lib/gcc/arm-none-eabi/9.3.1/../../../../arm-none-eabi/lib/thumb/v7e-m+fp/hard\libc_nano.a(lib_a-init.o)
                              d:/stm32cubeide_1.7/stm32cubeide/plugins/com.st.stm32cube.ide.mcu.externaltools.gnu-tools-for-stm32.9-2020-q2-update.win32_2.0.0.202105311346/tools/bin/../lib/gcc/arm-none-eabi/9.3.1/../../../../arm-none-eabi/lib/thumb/v7e-m+fp/hard/crt0.o (__libc_init_array)
d:/stm32cubeide_1.7/stm32cubeide/plugins/com.st.stm32cube.ide.mcu.externaltools.gnu-tools-for-stm32.9-2020-q2-update.win32_2.0.0.202105311346/tools/bin/../lib/gcc/arm-none-eabi/9.3.1/../../../../arm-none-eabi/lib/thumb/v7e-m+fp/hard\libc_nano.a(lib_a-memset.o)
                              d:/stm32cubeide_1.7/stm32cubeide/plugins/com.st.stm32cube.ide.mcu.externaltools.gnu-tools-for-stm32.9-2020-q2-update.win32_2.0.0.202105311346/tools/bin/../lib/gcc/arm-none-eabi/9.3.1/../../../../arm-none-eabi/lib/thumb/v7e-m+fp/hard/crt0.o (memset)
d:/stm32cubeide_1.7/stm32cubeide/plugins/com.st.stm32cube.ide.mcu.externaltools.gnu-tools-for-stm32.9-2020-q2-update.win32_2.0.0.202105311346/tools/bin/../lib/gcc/arm-none-eabi/9.3.1/thumb/v7e-m+fp/hard\libgcc.a(_aeabi_uldivmod.o)
                              ./Drivers/STM32F4xx_HAL_Driver/Src/stm32f4xx_hal_rcc.o (__aeabi_uldivmod)
d:/stm32cubeide_1.7/stm32cubeide/plugins/com.st.stm32cube.ide.mcu.externaltools.gnu-tools-for-stm32.9-2020-q2-update.win32_2.0.0.202105311346/tools/bin/../lib/gcc/arm-none-eabi/9.3.1/thumb/v7e-m+fp/hard\libgcc.a(_udivmoddi4.o)
                              d:/stm32cubeide_1.7/stm32cubeide/plugins/com.st.stm32cube.ide.mcu.externaltools.gnu-tools-for-stm32.9-2020-q2-update.win32_2.0.0.202105311346/tools/bin/../lib/gcc/arm-none-eabi/9.3.1/thumb/v7e-m+fp/hard\libgcc.a(_aeabi_uldivmod.o) (__udivmoddi4)
d:/stm32cubeide_1.7/stm32cubeide/plugins/com.st.stm32cube.ide.mcu.externaltools.gnu-tools-for-stm32.9-2020-q2-update.win32_2.0.0.202105311346/tools/bin/../lib/gcc/arm-none-eabi/9.3.1/thumb/v7e-m+fp/hard\libgcc.a(_dvmd_tls.o)
                              d:/stm32cubeide_1.7/stm32cubeide/plugins/com.st.stm32cube.ide.mcu.externaltools.gnu-tools-for-stm32.9-2020-q2-update.win32_2.0.0.202105311346/tools/bin/../lib/gcc/arm-none-eabi/9.3.1/thumb/v7e-m+fp/hard\libgcc.a(_aeabi_uldivmod.o) (__aeabi_ldiv0)

Allocating common symbols
Common symbol       size              file

uwTick              0x4               ./Drivers/STM32F4xx_HAL_Driver/Src/stm32f4xx_hal.o
pFlash              0x20              ./Drivers/STM32F4xx_HAL_Driver/Src/stm32f4xx_hal_flash.o
hspi1               0x58              ./Core/Src/spi.o
htim2               0x48              ./Core/Src/tim.o

Discarded input sections

 .text          0x0000000000000000        0x0 d:/stm32cubeide_1.7/stm32cubeide/plugins/com.st.stm32cube.ide.mcu.externaltools.gnu-tools-for-stm32.9-2020-q2-update.win32_2.0.0.202105311346/tools/bin/../lib/gcc/arm-none-eabi/9.3.1/thumb/v7e-m+fp/hard/crti.o
 .data          0x0000000000000000        0x0 d:/stm32cubeide_1.7/stm32cubeide/plugins/com.st.stm32cube.ide.mcu.externaltools.gnu-tools-for-stm32.9-2020-q2-update.win32_2.0.0.202105311346/tools/bin/../lib/gcc/arm-none-eabi/9.3.1/thumb/v7e-m+fp/hard/crti.o
[...]
Memory Configuration

Name             Origin             Length             Attributes
CCMRAM           0x0000000010000000 0x0000000000010000 xrw
RAM              0x0000000020000000 0x0000000000020000 xrw
FLASH            0x0000000008000000 0x0000000000100000 xr
*default*        0x0000000000000000 0xffffffffffffffff

Linker script and memory map

LOAD d:/stm32cubeide_1.7/stm32cubeide/plugins/com.st.stm32cube.ide.mcu.externaltools.gnu-tools-for-stm32.9-2020-q2-update.win32_2.0.0.202105311346/tools/bin/../lib/gcc/arm-none-eabi/9.3.1/thumb/v7e-m+fp/hard/crti.o
LOAD d:/stm32cubeide_1.7/stm32cubeide/plugins/com.st.stm32cube.ide.mcu.externaltools.gnu-tools-for-stm32.9-2020-q2-update.win32_2.0.0.202105311346/tools/bin/../lib/gcc/arm-none-eabi/9.3.1/thumb/v7e-m+fp/hard/crtbegin.o
LOAD d:/stm32cubeide_1.7/stm32cubeide/plugins/com.st.stm32cube.ide.mcu.externaltools.gnu-tools-for-stm32.9-2020-q2-update.win32_2.0.0.202105311346/tools/bin/../lib/gcc/arm-none-eabi/9.3.1/../../../../arm-none-eabi/lib/thumb/v7e-m+fp/hard/crt0.o
LOAD ./Core/Src/gpio.o
LOAD ./Core/Src/led_7seg.o
LOAD ./Core/Src/main.o
LOAD ./Core/Src/software_timer.o
LOAD ./Core/Src/spi.o
LOAD ./Core/Src/stm32f4xx_hal_msp.o
LOAD ./Core/Src/stm32f4xx_it.o
LOAD ./Core/Src/syscalls.o
LOAD ./Core/Src/sysmem.o
LOAD ./Core/Src/system_stm32f4xx.o
LOAD ./Core/Src/tim.o
LOAD ./Core/Startup/startup_stm32f407zetx.o
LOAD ./Drivers/STM32F4xx_HAL_Driver/Src/stm32f4xx_hal.o
LOAD ./Drivers/STM32F4xx_HAL_Driver/Src/stm32f4xx_hal_cortex.o
LOAD ./Drivers/STM32F4xx_HAL_Driver/Src/stm32f4xx_hal_dma.o
LOAD ./Drivers/STM32F4xx_HAL_Driver/Src/stm32f4xx_hal_dma_ex.o
LOAD ./Drivers/STM32F4xx_HAL_Driver/Src/stm32f4xx_hal_exti.o
LOAD ./Drivers/STM32F4xx_HAL_Driver/Src/stm32f4xx_hal_flash.o
LOAD ./Drivers/STM32F4xx_HAL_Driver/Src/stm32f4xx_hal_flash_ex.o
LOAD ./Drivers/STM32F4xx_HAL_Driver/Src/stm32f4xx_hal_flash_ramfunc.o
LOAD ./Drivers/STM32F4xx_HAL_Driver/Src/stm32f4xx_hal_gpio.o
LOAD ./Drivers/STM32F4xx_HAL_Driver/Src/stm32f4xx_hal_pwr.o
LOAD ./Drivers/STM32F4xx_HAL_Driver/Src/stm32f4xx_hal_pwr_ex.o
LOAD ./Drivers/STM32F4xx_HAL_Driver/Src/stm32f4xx_hal_rcc.o
LOAD ./Drivers/STM32F4xx_HAL_Driver/Src/stm32f4xx_hal_rcc_ex.o
LOAD ./Drivers/STM32F4xx_HAL_Driver/Src/stm32f4xx_hal_spi.o
LOAD ./Drivers/STM32F4xx_HAL_Driver/Src/stm32f4xx_hal_tim.o
LOAD ./Drivers/STM32F4xx_HAL_Driver/Src/stm32f4xx_hal_tim_ex.o
START GROUP
LOAD d:/stm32cubeide_1.7/stm32cubeide/plugins/com.st.stm32cube.ide.mcu.externaltools.gnu-tools-for-stm32.9-2020-q2-update.win32_2.0.0.202105311346/tools/bin/../lib/gcc/arm-none-eabi/9.3.1/../../../../arm-none-eabi/lib/thumb/v7e-m+fp/hard\libc_nano.a
LOAD d:/stm32cubeide_1.7/stm32cubeide/plugins/com.st.stm32cube.ide.mcu.externaltools.gnu-tools-for-stm32.9-2020-q2-update.win32_2.0.0.202105311346/tools/bin/../lib/gcc/arm-none-eabi/9.3.1/../../../../arm-none-eabi/lib/thumb/v7e-m+fp/hard\libm.a
END GROUP
START GROUP
LOAD d:/stm32cubeide_1.7/stm32cubeide/plugins/com.st.stm32cube.ide.mcu.externaltools.gnu-tools-for-stm32.9-2020-q2-update.win32_2.0.0.202105311346/tools/bin/../lib/gcc/arm-none-eabi/9.3.1/thumb/v7e-m+fp/hard\libgcc.a
LOAD d:/stm32cubeide_1.7/stm32cubeide/plugins/com.st.stm32cube.ide.mcu.externaltools.gnu-tools-for-stm32.9-2020-q2-update.win32_2.0.0.202105311346/tools/bin/../lib/gcc/arm-none-eabi/9.3.1/../../../../arm-none-eabi/lib/thumb/v7e-m+fp/hard\libc_nano.a
END GROUP
START GROUP
LOAD d:/stm32cubeide_1.7/stm32cubeide/plugins/com.st.stm32cube.ide.mcu.externaltools.gnu-tools-for-stm32.9-2020-q2-update.win32_2.0.0.202105311346/tools/bin/../lib/gcc/arm-none-eabi/9.3.1/thumb/v7e-m+fp/hard\libgcc.a
LOAD d:/stm32cubeide_1.7/stm32cubeide/plugins/com.st.stm32cube.ide.mcu.externaltools.gnu-tools-for-stm32.9-2020-q2-update.win32_2.0.0.202105311346/tools/bin/../lib/gcc/arm-none-eabi/9.3.1/../../../../arm-none-eabi/lib/thumb/v7e-m+fp/hard\libc_nano.a
LOAD d:/stm32cubeide_1.7/stm32cubeide/plugins/com.st.stm32cube.ide.mcu.externaltools.gnu-tools-for-stm32.9-2020-q2-update.win32_2.0.0.202105311346/tools/bin/../lib/gcc/arm-none-eabi/9.3.1/../../../../arm-none-eabi/lib/thumb/v7e-m+fp/hard\libnosys.a
END GROUP
START GROUP
LOAD d:/stm32cubeide_1.7/stm32cubeide/plugins/com.st.stm32cube.ide.mcu.externaltools.gnu-tools-for-stm32.9-2020-q2-update.win32_2.0.0.202105311346/tools/bin/../lib/gcc/arm-none-eabi/9.3.1/thumb/v7e-m+fp/hard\libgcc.a
LOAD d:/stm32cubeide_1.7/stm32cubeide/plugins/com.st.stm32cube.ide.mcu.externaltools.gnu-tools-for-stm32.9-2020-q2-update.win32_2.0.0.202105311346/tools/bin/../lib/gcc/arm-none-eabi/9.3.1/../../../../arm-none-eabi/lib/thumb/v7e-m+fp/hard\libc_nano.a
LOAD d:/stm32cubeide_1.7/stm32cubeide/plugins/com.st.stm32cube.ide.mcu.externaltools.gnu-tools-for-stm32.9-2020-q2-update.win32_2.0.0.202105311346/tools/bin/../lib/gcc/arm-none-eabi/9.3.1/../../../../arm-none-eabi/lib/thumb/v7e-m+fp/hard\libnosys.a
END GROUP
LOAD d:/stm32cubeide_1.7/stm32cubeide/plugins/com.st.stm32cube.ide.mcu.externaltools.gnu-tools-for-stm32.9-2020-q2-update.win32_2.0.0.202105311346/tools/bin/../lib/gcc/arm-none-eabi/9.3.1/thumb/v7e-m+fp/hard/crtend.o
LOAD d:/stm32cubeide_1.7/stm32cubeide/plugins/com.st.stm32cube.ide.mcu.externaltools.gnu-tools-for-stm32.9-2020-q2-update.win32_2.0.0.202105311346/tools/bin/../lib/gcc/arm-none-eabi/9.3.1/thumb/v7e-m+fp/hard/crtn.o
                0x0000000020020000                _estack = (ORIGIN (RAM) + LENGTH (RAM))
                0x0000000000000200                _Min_Heap_Size = 0x200
                0x0000000000000400                _Min_Stack_Size = 0x400

.isr_vector     0x0000000008000000      0x188
                0x0000000008000000                . = ALIGN (0x4)
 *(.isr_vector)
 .isr_vector    0x0000000008000000      0x188 ./Core/Startup/startup_stm32f407zetx.o
                0x0000000008000000                g_pfnVectors
                0x0000000008000188                . = ALIGN (0x4)

.text           0x0000000008000188     0x2a04
                0x0000000008000188                . = ALIGN (0x4)
 *(.text)
 .text          0x0000000008000188       0x40 d:/stm32cubeide_1.7/stm32cubeide/plugins/com.st.stm32cube.ide.mcu.externaltools.gnu-tools-for-stm32.9-2020-q2-update.win32_2.0.0.202105311346/tools/bin/../lib/gcc/arm-none-eabi/9.3.1/thumb/v7e-m+fp/hard/crtbegin.o
 .text          0x00000000080001c8       0x30 d:/stm32cubeide_1.7/stm32cubeide/plugins/com.st.stm32cube.ide.mcu.externaltools.gnu-tools-for-stm32.9-2020-q2-update.win32_2.0.0.202105311346/tools/bin/../lib/gcc/arm-none-eabi/9.3.1/thumb/v7e-m+fp/hard\libgcc.a(_aeabi_uldivmod.o)
                0x00000000080001c8                __aeabi_uldivmod
 .text          0x00000000080001f8      0x2c4 d:/stm32cubeide_1.7/stm32cubeide/plugins/com.st.stm32cube.ide.mcu.externaltools.gnu-tools-for-stm32.9-2020-q2-update.win32_2.0.0.202105311346/tools/bin/../lib/gcc/arm-none-eabi/9.3.1/thumb/v7e-m+fp/hard\libgcc.a(_udivmoddi4.o)
                0x00000000080001f8                __udivmoddi4
 .text          0x00000000080004bc        0x4 d:/stm32cubeide_1.7/stm32cubeide/plugins/com.st.stm32cube.ide.mcu.externaltools.gnu-tools-for-stm32.9-2020-q2-update.win32_2.0.0.202105311346/tools/bin/../lib/gcc/arm-none-eabi/9.3.1/thumb/v7e-m+fp/hard\libgcc.a(_dvmd_tls.o)
                0x00000000080004bc                __aeabi_idiv0
                0x00000000080004bc                __aeabi_ldiv0
 *(.text*)
 .text.MX_GPIO_Init
                0x00000000080004c0      0x19c ./Core/Src/gpio.o
                0x00000000080004c0                MX_GPIO_Init
 .text.led7_init
                0x000000000800065c       0x18 ./Core/Src/led_7seg.o
                0x000000000800065c                led7_init
 .text.led7_Scan
                0x0000000008000674      0x118 ./Core/Src/led_7seg.o
                0x0000000008000674                led7_Scan
 .text.led7_SetColon
                0x000000000800078c       0x40 ./Core/Src/led_7seg.o
                0x000000000800078c                led7_SetColon
 .text.main     0x00000000080007cc       0x44 ./Core/Src/main.o
                0x00000000080007cc                main
 .text.SystemClock_Config
                0x0000000008000810       0xd4 ./Core/Src/main.o
                0x0000000008000810                SystemClock_Config
 .text.system_init
                0x00000000080008e4       0x38 ./Core/Src/main.o
                0x00000000080008e4                system_init
 .text.test_LEDDebug
                0x000000000800091c       0x48 ./Core/Src/main.o
                0x000000000800091c                test_LEDDebug
 .text.test_LEDY0
                0x0000000008000964       0x58 ./Core/Src/main.o
                0x0000000008000964                test_LEDY0
 .text.test_LEDY1
                0x00000000080009bc       0x58 ./Core/Src/main.o
                0x00000000080009bc                test_LEDY1
 .text.Error_Handler
                0x0000000008000a14        0xa ./Core/Src/main.o
                0x0000000008000a14                Error_Handler
 *fill*         0x0000000008000a1e        0x2 
 .text.timer_init
                0x0000000008000a20       0x14 ./Core/Src/software_timer.o
                0x0000000008000a20                timer_init
 .text.setTimer2
                0x0000000008000a34       0x38 ./Core/Src/software_timer.o
                0x0000000008000a34                setTimer2
 .text.HAL_TIM_PeriodElapsedCallback
                0x0000000008000a6c       0x54 ./Core/Src/software_timer.o
                0x0000000008000a6c                HAL_TIM_PeriodElapsedCallback
 .text.MX_SPI1_Init
                0x0000000008000ac0       0x6c ./Core/Src/spi.o
                0x0000000008000ac0                MX_SPI1_Init
 .text.HAL_SPI_MspInit
                0x0000000008000b2c       0x90 ./Core/Src/spi.o
                0x0000000008000b2c                HAL_SPI_MspInit
 .text.HAL_MspInit
                0x0000000008000bbc       0x50 ./Core/Src/stm32f4xx_hal_msp.o
                0x0000000008000bbc                HAL_MspInit
 .text.NMI_Handler
                0x0000000008000c0c        0x6 ./Core/Src/stm32f4xx_it.o
                0x0000000008000c0c                NMI_Handler
 .text.HardFault_Handler
                0x0000000008000c12        0x6 ./Core/Src/stm32f4xx_it.o
                0x0000000008000c12                HardFault_Handler
 .text.MemManage_Handler
                0x0000000008000c18        0x6 ./Core/Src/stm32f4xx_it.o
                0x0000000008000c18                MemManage_Handler
 .text.BusFault_Handler
                0x0000000008000c1e        0x6 ./Core/Src/stm32f4xx_it.o
                0x0000000008000c1e                BusFault_Handler
 .text.UsageFault_Handler
                0x0000000008000c24        0x6 ./Core/Src/stm32f4xx_it.o
                0x0000000008000c24                UsageFault_Handler
 .text.SVC_Handler
                0x0000000008000c2a        0xe ./Core/Src/stm32f4xx_it.o
                0x0000000008000c2a                SVC_Handler
 .text.DebugMon_Handler
                0x0000000008000c38        0xe ./Core/Src/stm32f4xx_it.o
                0x0000000008000c38                DebugMon_Handler
 .text.PendSV_Handler
                0x0000000008000c46        0xe ./Core/Src/stm32f4xx_it.o
                0x0000000008000c46                PendSV_Handler
 .text.SysTick_Handler
                0x0000000008000c54        0xc ./Core/Src/stm32f4xx_it.o
                0x0000000008000c54                SysTick_Handler
 .text.TIM2_IRQHandler
                0x0000000008000c60       0x14 ./Core/Src/stm32f4xx_it.o
                0x0000000008000c60                TIM2_IRQHandler
 .text.SystemInit
                0x0000000008000c74       0x24 ./Core/Src/system_stm32f4xx.o
                0x0000000008000c74                SystemInit
 .text.MX_TIM2_Init
                0x0000000008000c98       0x98 ./Core/Src/tim.o
                0x0000000008000c98                MX_TIM2_Init
 .text.HAL_TIM_Base_MspInit
                0x0000000008000d30       0x4c ./Core/Src/tim.o
                0x0000000008000d30                HAL_TIM_Base_MspInit
 .text.Reset_Handler
                0x0000000008000d7c       0x50 ./Core/Startup/startup_stm32f407zetx.o
                0x0000000008000d7c                Reset_Handler
 .text.Default_Handler
                0x0000000008000dcc        0x2 ./Core/Startup/startup_stm32f407zetx.o
                0x0000000008000dcc                RTC_Alarm_IRQHandler
                0x0000000008000dcc                HASH_RNG_IRQHandler
                0x0000000008000dcc                EXTI2_IRQHandler
                0x0000000008000dcc                TIM8_CC_IRQHandler
                0x0000000008000dcc                TIM1_CC_IRQHandler
                0x0000000008000dcc                DMA2_Stream5_IRQHandler
                0x0000000008000dcc                DMA1_Stream5_IRQHandler
                0x0000000008000dcc                PVD_IRQHandler
                0x0000000008000dcc                SDIO_IRQHandler
                0x0000000008000dcc                TAMP_STAMP_IRQHandler
                0x0000000008000dcc                CAN2_RX1_IRQHandler
                0x0000000008000dcc                EXTI3_IRQHandler
                0x0000000008000dcc                TIM8_TRG_COM_TIM14_IRQHandler
                0x0000000008000dcc                TIM1_UP_TIM10_IRQHandler
                0x0000000008000dcc                TIM8_UP_TIM13_IRQHandler
                0x0000000008000dcc                I2C3_ER_IRQHandler
                0x0000000008000dcc                EXTI0_IRQHandler
                0x0000000008000dcc                I2C2_EV_IRQHandler
                0x0000000008000dcc                DMA1_Stream2_IRQHandler
                0x0000000008000dcc                CAN1_RX0_IRQHandler
                0x0000000008000dcc                FPU_IRQHandler
                0x0000000008000dcc                OTG_HS_WKUP_IRQHandler
                0x0000000008000dcc                CAN2_SCE_IRQHandler
                0x0000000008000dcc                DMA2_Stream2_IRQHandler
                0x0000000008000dcc                SPI1_IRQHandler
                0x0000000008000dcc                TIM6_DAC_IRQHandler
                0x0000000008000dcc                TIM1_BRK_TIM9_IRQHandler
                0x0000000008000dcc                DCMI_IRQHandler
                0x0000000008000dcc                CAN2_RX0_IRQHandler
                0x0000000008000dcc                DMA2_Stream3_IRQHandler
                0x0000000008000dcc                USART6_IRQHandler
                0x0000000008000dcc                USART3_IRQHandler
                0x0000000008000dcc                CAN1_RX1_IRQHandler
                0x0000000008000dcc                UART5_IRQHandler
                0x0000000008000dcc                DMA2_Stream0_IRQHandler
                0x0000000008000dcc                TIM4_IRQHandler
                0x0000000008000dcc                I2C1_EV_IRQHandler
                0x0000000008000dcc                DMA1_Stream6_IRQHandler
                0x0000000008000dcc                DMA1_Stream1_IRQHandler
                0x0000000008000dcc                UART4_IRQHandler
                0x0000000008000dcc                TIM3_IRQHandler
                0x0000000008000dcc                RCC_IRQHandler
                0x0000000008000dcc                TIM8_BRK_TIM12_IRQHandler
                0x0000000008000dcc                Default_Handler
                0x0000000008000dcc                EXTI15_10_IRQHandler
                0x0000000008000dcc                ADC_IRQHandler
                0x0000000008000dcc                DMA1_Stream7_IRQHandler
                0x0000000008000dcc                TIM7_IRQHandler
                0x0000000008000dcc                CAN2_TX_IRQHandler
                0x0000000008000dcc                TIM5_IRQHandler
                0x0000000008000dcc                DMA2_Stream7_IRQHandler
                0x0000000008000dcc                I2C3_EV_IRQHandler
                0x0000000008000dcc                EXTI9_5_IRQHandler
                0x0000000008000dcc                RTC_WKUP_IRQHandler
                0x0000000008000dcc                ETH_WKUP_IRQHandler
                0x0000000008000dcc                SPI2_IRQHandler
                0x0000000008000dcc                OTG_HS_EP1_IN_IRQHandler
                0x0000000008000dcc                DMA1_Stream0_IRQHandler
                0x0000000008000dcc                CAN1_TX_IRQHandler
                0x0000000008000dcc                EXTI4_IRQHandler
                0x0000000008000dcc                FSMC_IRQHandler
                0x0000000008000dcc                ETH_IRQHandler
                0x0000000008000dcc                OTG_HS_EP1_OUT_IRQHandler
                0x0000000008000dcc                WWDG_IRQHandler
                0x0000000008000dcc                OTG_FS_WKUP_IRQHandler
                0x0000000008000dcc                TIM1_TRG_COM_TIM11_IRQHandler
                0x0000000008000dcc                OTG_HS_IRQHandler
                0x0000000008000dcc                EXTI1_IRQHandler
                0x0000000008000dcc                USART2_IRQHandler
                0x0000000008000dcc                I2C2_ER_IRQHandler
                0x0000000008000dcc                DMA2_Stream1_IRQHandler
                0x0000000008000dcc                CAN1_SCE_IRQHandler
                0x0000000008000dcc                FLASH_IRQHandler
                0x0000000008000dcc                DMA2_Stream4_IRQHandler
                0x0000000008000dcc                USART1_IRQHandler
                0x0000000008000dcc                OTG_FS_IRQHandler
                0x0000000008000dcc                SPI3_IRQHandler
                0x0000000008000dcc                DMA1_Stream4_IRQHandler
                0x0000000008000dcc                I2C1_ER_IRQHandler
                0x0000000008000dcc                DMA2_Stream6_IRQHandler
                0x0000000008000dcc                DMA1_Stream3_IRQHandler
 *fill*         0x0000000008000dce        0x2 
 .text.HAL_Init
                0x0000000008000dd0       0x44 ./Drivers/STM32F4xx_HAL_Driver/Src/stm32f4xx_hal.o
                0x0000000008000dd0                HAL_Init
 .text.HAL_InitTick
                0x0000000008000e14       0x60 ./Drivers/STM32F4xx_HAL_Driver/Src/stm32f4xx_hal.o
                0x0000000008000e14                HAL_InitTick
 .text.HAL_IncTick
                0x0000000008000e74       0x28 ./Drivers/STM32F4xx_HAL_Driver/Src/stm32f4xx_hal.o
                0x0000000008000e74                HAL_IncTick
 .text.HAL_GetTick
                0x0000000008000e9c       0x18 ./Drivers/STM32F4xx_HAL_Driver/Src/stm32f4xx_hal.o
                0x0000000008000e9c                HAL_GetTick
 .text.__NVIC_SetPriorityGrouping
                0x0000000008000eb4       0x48 ./Drivers/STM32F4xx_HAL_Driver/Src/stm32f4xx_hal_cortex.o
 .text.__NVIC_GetPriorityGrouping
                0x0000000008000efc       0x1c ./Drivers/STM32F4xx_HAL_Driver/Src/stm32f4xx_hal_cortex.o
 .text.__NVIC_EnableIRQ
                0x0000000008000f18       0x3c ./Drivers/STM32F4xx_HAL_Driver/Src/stm32f4xx_hal_cortex.o
 .text.__NVIC_SetPriority
                0x0000000008000f54       0x54 ./Drivers/STM32F4xx_HAL_Driver/Src/stm32f4xx_hal_cortex.o
 .text.NVIC_EncodePriority
                0x0000000008000fa8       0x66 ./Drivers/STM32F4xx_HAL_Driver/Src/stm32f4xx_hal_cortex.o
 *fill*         0x000000000800100e        0x2 
 .text.SysTick_Config
                0x0000000008001010       0x44 ./Drivers/STM32F4xx_HAL_Driver/Src/stm32f4xx_hal_cortex.o
 .text.HAL_NVIC_SetPriorityGrouping
                0x0000000008001054       0x16 ./Drivers/STM32F4xx_HAL_Driver/Src/stm32f4xx_hal_cortex.o
                0x0000000008001054                HAL_NVIC_SetPriorityGrouping
 .text.HAL_NVIC_SetPriority
                0x000000000800106a       0x38 ./Drivers/STM32F4xx_HAL_Driver/Src/stm32f4xx_hal_cortex.o
                0x000000000800106a                HAL_NVIC_SetPriority
 .text.HAL_NVIC_EnableIRQ
                0x00000000080010a2       0x1c ./Drivers/STM32F4xx_HAL_Driver/Src/stm32f4xx_hal_cortex.o
                0x00000000080010a2                HAL_NVIC_EnableIRQ
 .text.HAL_SYSTICK_Config
                0x00000000080010be       0x18 ./Drivers/STM32F4xx_HAL_Driver/Src/stm32f4xx_hal_cortex.o
                0x00000000080010be                HAL_SYSTICK_Config
 *fill*         0x00000000080010d6        0x2 
 .text.HAL_GPIO_Init
                0x00000000080010d8      0x338 ./Drivers/STM32F4xx_HAL_Driver/Src/stm32f4xx_hal_gpio.o
                0x00000000080010d8                HAL_GPIO_Init
 .text.HAL_GPIO_WritePin
                0x0000000008001410       0x32 ./Drivers/STM32F4xx_HAL_Driver/Src/stm32f4xx_hal_gpio.o
                0x0000000008001410                HAL_GPIO_WritePin
 .text.HAL_GPIO_TogglePin
                0x0000000008001442       0x34 ./Drivers/STM32F4xx_HAL_Driver/Src/stm32f4xx_hal_gpio.o
                0x0000000008001442                HAL_GPIO_TogglePin
 *fill*         0x0000000008001476        0x2 
 .text.HAL_RCC_OscConfig
                0x0000000008001478      0x4f0 ./Drivers/STM32F4xx_HAL_Driver/Src/stm32f4xx_hal_rcc.o
                0x0000000008001478                HAL_RCC_OscConfig
 .text.HAL_RCC_ClockConfig
                0x0000000008001968      0x1cc ./Drivers/STM32F4xx_HAL_Driver/Src/stm32f4xx_hal_rcc.o
                0x0000000008001968                HAL_RCC_ClockConfig
 .text.HAL_RCC_GetSysClockFreq
                0x0000000008001b34      0x1c4 ./Drivers/STM32F4xx_HAL_Driver/Src/stm32f4xx_hal_rcc.o
                0x0000000008001b34                HAL_RCC_GetSysClockFreq
 .text.HAL_SPI_Init
                0x0000000008001cf8      0x112 ./Drivers/STM32F4xx_HAL_Driver/Src/stm32f4xx_hal_spi.o
                0x0000000008001cf8                HAL_SPI_Init
 .text.HAL_SPI_Transmit
                0x0000000008001e0a      0x278 ./Drivers/STM32F4xx_HAL_Driver/Src/stm32f4xx_hal_spi.o
                0x0000000008001e0a                HAL_SPI_Transmit
 *fill*         0x0000000008002082        0x2 
 .text.SPI_WaitFlagStateUntilTimeout
                0x0000000008002084      0x110 ./Drivers/STM32F4xx_HAL_Driver/Src/stm32f4xx_hal_spi.o
 .text.SPI_EndRxTxTransaction
                0x0000000008002194       0x84 ./Drivers/STM32F4xx_HAL_Driver/Src/stm32f4xx_hal_spi.o
 .text.HAL_TIM_Base_Init
                0x0000000008002218       0x9e ./Drivers/STM32F4xx_HAL_Driver/Src/stm32f4xx_hal_tim.o
                0x0000000008002218                HAL_TIM_Base_Init
 *fill*         0x00000000080022b6        0x2 
 .text.HAL_TIM_Base_Start_IT
                0x00000000080022b8       0xe0 ./Drivers/STM32F4xx_HAL_Driver/Src/stm32f4xx_hal_tim.o
                0x00000000080022b8                HAL_TIM_Base_Start_IT
 .text.HAL_TIM_IRQHandler
                0x0000000008002398      0x210 ./Drivers/STM32F4xx_HAL_Driver/Src/stm32f4xx_hal_tim.o
                0x0000000008002398                HAL_TIM_IRQHandler
 .text.HAL_TIM_ConfigClockSource
                0x00000000080025a8      0x18e ./Drivers/STM32F4xx_HAL_Driver/Src/stm32f4xx_hal_tim.o
                0x00000000080025a8                HAL_TIM_ConfigClockSource
 .text.HAL_TIM_OC_DelayElapsedCallback
                0x0000000008002736       0x14 ./Drivers/STM32F4xx_HAL_Driver/Src/stm32f4xx_hal_tim.o
                0x0000000008002736                HAL_TIM_OC_DelayElapsedCallback
 .text.HAL_TIM_IC_CaptureCallback
                0x000000000800274a       0x14 ./Drivers/STM32F4xx_HAL_Driver/Src/stm32f4xx_hal_tim.o
                0x000000000800274a                HAL_TIM_IC_CaptureCallback
 .text.HAL_TIM_PWM_PulseFinishedCallback
                0x000000000800275e       0x14 ./Drivers/STM32F4xx_HAL_Driver/Src/stm32f4xx_hal_tim.o
                0x000000000800275e                HAL_TIM_PWM_PulseFinishedCallback
 .text.HAL_TIM_TriggerCallback
                0x0000000008002772       0x14 ./Drivers/STM32F4xx_HAL_Driver/Src/stm32f4xx_hal_tim.o
                0x0000000008002772                HAL_TIM_TriggerCallback
 *fill*         0x0000000008002786        0x2 
 .text.TIM_Base_SetConfig
                0x0000000008002788      0x140 ./Drivers/STM32F4xx_HAL_Driver/Src/stm32f4xx_hal_tim.o
                0x0000000008002788                TIM_Base_SetConfig
 .text.TIM_TI1_ConfigInputStage
                0x00000000080028c8       0x5e ./Drivers/STM32F4xx_HAL_Driver/Src/stm32f4xx_hal_tim.o
 .text.TIM_TI2_ConfigInputStage
                0x0000000008002926       0x60 ./Drivers/STM32F4xx_HAL_Driver/Src/stm32f4xx_hal_tim.o
 .text.TIM_ITRx_SetConfig
                0x0000000008002986       0x36 ./Drivers/STM32F4xx_HAL_Driver/Src/stm32f4xx_hal_tim.o
 .text.TIM_ETR_SetConfig
                0x00000000080029bc       0x40 ./Drivers/STM32F4xx_HAL_Driver/Src/stm32f4xx_hal_tim.o
                0x00000000080029bc                TIM_ETR_SetConfig
 .text.HAL_TIMEx_MasterConfigSynchronization
                0x00000000080029fc       0xf8 ./Drivers/STM32F4xx_HAL_Driver/Src/stm32f4xx_hal_tim_ex.o
                0x00000000080029fc                HAL_TIMEx_MasterConfigSynchronization
 .text.HAL_TIMEx_CommutCallback
                0x0000000008002af4       0x14 ./Drivers/STM32F4xx_HAL_Driver/Src/stm32f4xx_hal_tim_ex.o
                0x0000000008002af4                HAL_TIMEx_CommutCallback
 .text.HAL_TIMEx_BreakCallback
                0x0000000008002b08       0x14 ./Drivers/STM32F4xx_HAL_Driver/Src/stm32f4xx_hal_tim_ex.o
                0x0000000008002b08                HAL_TIMEx_BreakCallback
 .text.__libc_init_array
                0x0000000008002b1c       0x48 d:/stm32cubeide_1.7/stm32cubeide/plugins/com.st.stm32cube.ide.mcu.externaltools.gnu-tools-for-stm32.9-2020-q2-update.win32_2.0.0.202105311346/tools/bin/../lib/gcc/arm-none-eabi/9.3.1/../../../../arm-none-eabi/lib/thumb/v7e-m+fp/hard\libc_nano.a(lib_a-init.o)
                0x0000000008002b1c                __libc_init_array
 .text.memset   0x0000000008002b64       0x10 d:/stm32cubeide_1.7/stm32cubeide/plugins/com.st.stm32cube.ide.mcu.externaltools.gnu-tools-for-stm32.9-2020-q2-update.win32_2.0.0.202105311346/tools/bin/../lib/gcc/arm-none-eabi/9.3.1/../../../../arm-none-eabi/lib/thumb/v7e-m+fp/hard\libc_nano.a(lib_a-memset.o)
                0x0000000008002b64                memset
 *(.glue_7)
 .glue_7        0x0000000008002b74        0x0 linker stubs
 *(.glue_7t)
 .glue_7t       0x0000000008002b74        0x0 linker stubs
 *(.eh_frame)
 .eh_frame      0x0000000008002b74        0x0 d:/stm32cubeide_1.7/stm32cubeide/plugins/com.st.stm32cube.ide.mcu.externaltools.gnu-tools-for-stm32.9-2020-q2-update.win32_2.0.0.202105311346/tools/bin/../lib/gcc/arm-none-eabi/9.3.1/thumb/v7e-m+fp/hard/crtbegin.o
 *(.init)
 .init          0x0000000008002b74        0x4 d:/stm32cubeide_1.7/stm32cubeide/plugins/com.st.stm32cube.ide.mcu.externaltools.gnu-tools-for-stm32.9-2020-q2-update.win32_2.0.0.202105311346/tools/bin/../lib/gcc/arm-none-eabi/9.3.1/thumb/v7e-m+fp/hard/crti.o
                0x0000000008002b74                _init
 .init          0x0000000008002b78        0x8 d:/stm32cubeide_1.7/stm32cubeide/plugins/com.st.stm32cube.ide.mcu.externaltools.gnu-tools-for-stm32.9-2020-q2-update.win32_2.0.0.202105311346/tools/bin/../lib/gcc/arm-none-eabi/9.3.1/thumb/v7e-m+fp/hard/crtn.o
 *(.fini)
 .fini          0x0000000008002b80        0x4 d:/stm32cubeide_1.7/stm32cubeide/plugins/com.st.stm32cube.ide.mcu.externaltools.gnu-tools-for-stm32.9-2020-q2-update.win32_2.0.0.202105311346/tools/bin/../lib/gcc/arm-none-eabi/9.3.1/thumb/v7e-m+fp/hard/crti.o
                0x0000000008002b80                _fini
 .fini          0x0000000008002b84        0x8 d:/stm32cubeide_1.7/stm32cubeide/plugins/com.st.stm32cube.ide.mcu.externaltools.gnu-tools-for-stm32.9-2020-q2-update.win32_2.0.0.202105311346/tools/bin/../lib/gcc/arm-none-eabi/9.3.1/thumb/v7e-m+fp/hard/crtn.o
                0x0000000008002b8c                . = ALIGN (0x4)
                0x0000000008002b8c                _etext = .

.vfp11_veneer   0x0000000008002b8c        0x0
 .vfp11_veneer  0x0000000008002b8c        0x0 linker stubs

.v4_bx          0x0000000008002b8c        0x0
 .v4_bx         0x0000000008002b8c        0x0 linker stubs

.iplt           0x0000000008002b8c        0x0
 .iplt          0x0000000008002b8c        0x0 d:/stm32cubeide_1.7/stm32cubeide/plugins/com.st.stm32cube.ide.mcu.externaltools.gnu-tools-for-stm32.9-2020-q2-update.win32_2.0.0.202105311346/tools/bin/../lib/gcc/arm-none-eabi/9.3.1/thumb/v7e-m+fp/hard/crtbegin.o

.rodata         0x0000000008002b8c       0x10
                0x0000000008002b8c                . = ALIGN (0x4)
 *(.rodata)
 *(.rodata*)
 .rodata.AHBPrescTable
                0x0000000008002b8c       0x10 ./Core/Src/system_stm32f4xx.o
                0x0000000008002b8c                AHBPrescTable
                0x0000000008002b9c                . = ALIGN (0x4)

.ARM.extab      0x0000000008002b9c        0x0
                0x0000000008002b9c                . = ALIGN (0x4)
 *(.ARM.extab* .gnu.linkonce.armextab.*)
                0x0000000008002b9c                . = ALIGN (0x4)

.ARM            0x0000000008002b9c        0x8
                0x0000000008002b9c                . = ALIGN (0x4)
                0x0000000008002b9c                __exidx_start = .
 *(.ARM.exidx*)
 .ARM.exidx     0x0000000008002b9c        0x8 d:/stm32cubeide_1.7/stm32cubeide/plugins/com.st.stm32cube.ide.mcu.externaltools.gnu-tools-for-stm32.9-2020-q2-update.win32_2.0.0.202105311346/tools/bin/../lib/gcc/arm-none-eabi/9.3.1/thumb/v7e-m+fp/hard\libgcc.a(_udivmoddi4.o)
                0x0000000008002ba4                __exidx_end = .
                0x0000000008002ba4                . = ALIGN (0x4)

.rel.dyn        0x0000000008002ba4        0x0
 .rel.iplt      0x0000000008002ba4        0x0 d:/stm32cubeide_1.7/stm32cubeide/plugins/com.st.stm32cube.ide.mcu.externaltools.gnu-tools-for-stm32.9-2020-q2-update.win32_2.0.0.202105311346/tools/bin/../lib/gcc/arm-none-eabi/9.3.1/thumb/v7e-m+fp/hard/crtbegin.o

.preinit_array  0x0000000008002ba4        0x0
                0x0000000008002ba4                . = ALIGN (0x4)
                0x0000000008002ba4                PROVIDE (__preinit_array_start = .)
 *(.preinit_array*)
                0x0000000008002ba4                PROVIDE (__preinit_array_end = .)
                0x0000000008002ba4                . = ALIGN (0x4)

.init_array     0x0000000008002ba4        0x4
                0x0000000008002ba4                . = ALIGN (0x4)
                0x0000000008002ba4                PROVIDE (__init_array_start = .)
 *(SORT_BY_NAME(.init_array.*))
 *(.init_array*)
 .init_array    0x0000000008002ba4        0x4 d:/stm32cubeide_1.7/stm32cubeide/plugins/com.st.stm32cube.ide.mcu.externaltools.gnu-tools-for-stm32.9-2020-q2-update.win32_2.0.0.202105311346/tools/bin/../lib/gcc/arm-none-eabi/9.3.1/thumb/v7e-m+fp/hard/crtbegin.o
                0x0000000008002ba8                PROVIDE (__init_array_end = .)
                0x0000000008002ba8                . = ALIGN (0x4)

.fini_array     0x0000000008002ba8        0x4
                0x0000000008002ba8                . = ALIGN (0x4)
                [!provide]                        PROVIDE (__fini_array_start = .)
 *(SORT_BY_NAME(.fini_array.*))
 *(.fini_array*)
 .fini_array    0x0000000008002ba8        0x4 d:/stm32cubeide_1.7/stm32cubeide/plugins/com.st.stm32cube.ide.mcu.externaltools.gnu-tools-for-stm32.9-2020-q2-update.win32_2.0.0.202105311346/tools/bin/../lib/gcc/arm-none-eabi/9.3.1/thumb/v7e-m+fp/hard/crtbegin.o
                [!provide]                        PROVIDE (__fini_array_end = .)
                0x0000000008002bac                . = ALIGN (0x4)
                0x0000000008002bac                _sidata = LOADADDR (.data)

.data           0x0000000020000000       0x14 load address 0x0000000008002bac
                0x0000000020000000                . = ALIGN (0x4)
                0x0000000020000000                _sdata = .
 *(.data)
 *(.data*)
 .data.led7seg  0x0000000020000000        0x4 ./Core/Src/led_7seg.o
                0x0000000020000000                led7seg
 .data.spi_buffer
                0x0000000020000004        0x2 ./Core/Src/led_7seg.o
                0x0000000020000004                spi_buffer
 *fill*         0x0000000020000006        0x2 
 .data.SystemCoreClock
                0x0000000020000008        0x4 ./Core/Src/system_stm32f4xx.o
                0x0000000020000008                SystemCoreClock
 .data.uwTickPrio
                0x000000002000000c        0x4 ./Drivers/STM32F4xx_HAL_Driver/Src/stm32f4xx_hal.o
                0x000000002000000c                uwTickPrio
 .data.uwTickFreq
                0x0000000020000010        0x1 ./Drivers/STM32F4xx_HAL_Driver/Src/stm32f4xx_hal.o
                0x0000000020000010                uwTickFreq
 *(.RamFunc)
 *(.RamFunc*)
                0x0000000020000014                . = ALIGN (0x4)
 *fill*         0x0000000020000011        0x3 
                0x0000000020000014                _edata = .
                0x0000000008002bc0                _siccmram = LOADADDR (.ccmram)

.igot.plt       0x0000000020000014        0x0 load address 0x0000000008002bc0
 .igot.plt      0x0000000020000014        0x0 d:/stm32cubeide_1.7/stm32cubeide/plugins/com.st.stm32cube.ide.mcu.externaltools.gnu-tools-for-stm32.9-2020-q2-update.win32_2.0.0.202105311346/tools/bin/../lib/gcc/arm-none-eabi/9.3.1/thumb/v7e-m+fp/hard/crtbegin.o

.ccmram         0x0000000010000000        0x0 load address 0x0000000008002bc0
                0x0000000010000000                . = ALIGN (0x4)
                0x0000000010000000                _sccmram = .
 *(.ccmram)
 *(.ccmram*)
                0x0000000010000000                . = ALIGN (0x4)
                0x0000000010000000                _eccmram = .
                0x0000000010000000                . = ALIGN (0x4)

.bss            0x0000000020000014       0xcc
                0x0000000020000014                _sbss = .
                0x0000000020000014                __bss_start__ = _sbss
 *(.bss)
 .bss           0x0000000020000014       0x1c d:/stm32cubeide_1.7/stm32cubeide/plugins/com.st.stm32cube.ide.mcu.externaltools.gnu-tools-for-stm32.9-2020-q2-update.win32_2.0.0.202105311346/tools/bin/../lib/gcc/arm-none-eabi/9.3.1/thumb/v7e-m+fp/hard/crtbegin.o
 *(.bss*)
 .bss.led7_index
                0x0000000020000030        0x2 ./Core/Src/led_7seg.o
                0x0000000020000030                led7_index
 .bss.count_LED_debug
                0x0000000020000032        0x1 ./Core/Src/main.o
                0x0000000020000032                count_LED_debug
 .bss.count_LED_Y0
                0x0000000020000033        0x1 ./Core/Src/main.o
                0x0000000020000033                count_LED_Y0
 .bss.count_LED_Y1
                0x0000000020000034        0x1 ./Core/Src/main.o
                0x0000000020000034                count_LED_Y1
 *fill*         0x0000000020000035        0x1 
 .bss.flag_timer2
                0x0000000020000036        0x2 ./Core/Src/software_timer.o
                0x0000000020000036                flag_timer2
 .bss.timer2_counter
                0x0000000020000038        0x2 ./Core/Src/software_timer.o
                0x0000000020000038                timer2_counter
 .bss.timer2_MUL
                0x000000002000003a        0x2 ./Core/Src/software_timer.o
                0x000000002000003a                timer2_MUL
 *(COMMON)
 COMMON         0x000000002000003c       0x58 ./Core/Src/spi.o
                0x000000002000003c                hspi1
 COMMON         0x0000000020000094       0x48 ./Core/Src/tim.o
                0x0000000020000094                htim2
 COMMON         0x00000000200000dc        0x4 ./Drivers/STM32F4xx_HAL_Driver/Src/stm32f4xx_hal.o
                0x00000000200000dc                uwTick
                0x00000000200000e0                . = ALIGN (0x4)
                0x00000000200000e0                _ebss = .
                0x00000000200000e0                __bss_end__ = _ebss

._user_heap_stack
                0x00000000200000e0      0x600
                0x00000000200000e0                . = ALIGN (0x8)
                [!provide]                        PROVIDE (end = .)
                0x00000000200000e0                PROVIDE (_end = .)
                0x00000000200002e0                . = (. + _Min_Heap_Size)
 *fill*         0x00000000200000e0      0x200 
                0x00000000200006e0                . = (. + _Min_Stack_Size)
 *fill*         0x00000000200002e0      0x400 
                0x00000000200006e0                . = ALIGN (0x8)

/DISCARD/
 libc.a(*)
 libm.a(*)
 libgcc.a(*)

.ARM.attributes
                0x0000000000000000       0x30
 *(.ARM.attributes)
 .ARM.attributes
                0x0000000000000000       0x1e d:/stm32cubeide_1.7/stm32cubeide/plugins/com.st.stm32cube.ide.mcu.externaltools.gnu-tools-for-stm32.9-2020-q2-update.win32_2.0.0.202105311346/tools/bin/../lib/gcc/arm-none-eabi/9.3.1/thumb/v7e-m+fp/hard/crti.o
 .ARM.attributes
                0x000000000000001e       0x34 d:/stm32cubeide_1.7/stm32cubeide/plugins/com.st.stm32cube.ide.mcu.externaltools.gnu-tools-for-stm32.9-2020-q2-update.win32_2.0.0.202105311346/tools/bin/../lib/gcc/arm-none-eabi/9.3.1/thumb/v7e-m+fp/hard/crtbegin.o
 .ARM.attributes
                0x0000000000000052       0x34 ./Core/Src/gpio.o
 .ARM.attributes
                0x0000000000000086       0x34 ./Core/Src/led_7seg.o
 .ARM.attributes
                0x00000000000000ba       0x34 ./Core/Src/main.o
 .ARM.attributes
                0x00000000000000ee       0x34 ./Core/Src/software_timer.o
 .ARM.attributes
                0x0000000000000122       0x34 ./Core/Src/spi.o
 .ARM.attributes
                0x0000000000000156       0x34 ./Core/Src/stm32f4xx_hal_msp.o
 .ARM.attributes
                0x000000000000018a       0x34 ./Core/Src/stm32f4xx_it.o
 .ARM.attributes
                0x00000000000001be       0x34 ./Core/Src/system_stm32f4xx.o
 .ARM.attributes
                0x00000000000001f2       0x34 ./Core/Src/tim.o
 .ARM.attributes
                0x0000000000000226       0x21 ./Core/Startup/startup_stm32f407zetx.o
 .ARM.attributes
                0x0000000000000247       0x34 ./Drivers/STM32F4xx_HAL_Driver/Src/stm32f4xx_hal.o
 .ARM.attributes
                0x000000000000027b       0x34 ./Drivers/STM32F4xx_HAL_Driver/Src/stm32f4xx_hal_cortex.o
 .ARM.attributes
                0x00000000000002af       0x34 ./Drivers/STM32F4xx_HAL_Driver/Src/stm32f4xx_hal_gpio.o
 .ARM.attributes
                0x00000000000002e3       0x34 ./Drivers/STM32F4xx_HAL_Driver/Src/stm32f4xx_hal_rcc.o
 .ARM.attributes
                0x0000000000000317       0x34 ./Drivers/STM32F4xx_HAL_Driver/Src/stm32f4xx_hal_spi.o
 .ARM.attributes
                0x000000000000034b       0x34 ./Drivers/STM32F4xx_HAL_Driver/Src/stm32f4xx_hal_tim.o
 .ARM.attributes
                0x000000000000037f       0x34 ./Drivers/STM32F4xx_HAL_Driver/Src/stm32f4xx_hal_tim_ex.o
 .ARM.attributes
                0x00000000000003b3       0x34 d:/stm32cubeide_1.7/stm32cubeide/plugins/com.st.stm32cube.ide.mcu.externaltools.gnu-tools-for-stm32.9-2020-q2-update.win32_2.0.0.202105311346/tools/bin/../lib/gcc/arm-none-eabi/9.3.1/../../../../arm-none-eabi/lib/thumb/v7e-m+fp/hard\libc_nano.a(lib_a-init.o)
 .ARM.attributes
                0x00000000000003e7       0x34 d:/stm32cubeide_1.7/stm32cubeide/plugins/com.st.stm32cube.ide.mcu.externaltools.gnu-tools-for-stm32.9-2020-q2-update.win32_2.0.0.202105311346/tools/bin/../lib/gcc/arm-none-eabi/9.3.1/../../../../arm-none-eabi/lib/thumb/v7e-m+fp/hard\libc_nano.a(lib_a-memset.o)
 .ARM.attributes
                0x000000000000041b       0x1e d:/stm32cubeide_1.7/stm32cubeide/plugins/com.st.stm32cube.ide.mcu.externaltools.gnu-tools-for-stm32.9-2020-q2-update.win32_2.0.0.202105311346/tools/bin/../lib/gcc/arm-none-eabi/9.3.1/thumb/v7e-m+fp/hard\libgcc.a(_aeabi_uldivmod.o)
 .ARM.attributes
                0x0000000000000439       0x34 d:/stm32cubeide_1.7/stm32cubeide/plugins/com.st.stm32cube.ide.mcu.externaltools.gnu-tools-for-stm32.9-2020-q2-update.win32_2.0.0.202105311346/tools/bin/../lib/gcc/arm-none-eabi/9.3.1/thumb/v7e-m+fp/hard\libgcc.a(_udivmoddi4.o)
 .ARM.attributes
                0x000000000000046d       0x1e d:/stm32cubeide_1.7/stm32cubeide/plugins/com.st.stm32cube.ide.mcu.externaltools.gnu-tools-for-stm32.9-2020-q2-update.win32_2.0.0.202105311346/tools/bin/../lib/gcc/arm-none-eabi/9.3.1/thumb/v7e-m+fp/hard\libgcc.a(_dvmd_tls.o)
 .ARM.attributes
                0x000000000000048b       0x1e d:/stm32cubeide_1.7/stm32cubeide/plugins/com.st.stm32cube.ide.mcu.externaltools.gnu-tools-for-stm32.9-2020-q2-update.win32_2.0.0.202105311346/tools/bin/../lib/gcc/arm-none-eabi/9.3.1/thumb/v7e-m+fp/hard/crtn.o
OUTPUT(Bai2_Timer_7seg.elf elf32-littlearm)
LOAD linker stubs
LOAD d:/stm32cubeide_1.7/stm32cubeide/plugins/com.st.stm32cube.ide.mcu.externaltools.gnu-tools-for-stm32.9-2020-q2-update.win32_2.0.0.202105311346/tools/bin/../lib/gcc/arm-none-eabi/9.3.1/../../../../arm-none-eabi/lib/thumb/v7e-m+fp/hard\libc.a
LOAD d:/stm32cubeide_1.7/stm32cubeide/plugins/com.st.stm32cube.ide.mcu.externaltools.gnu-tools-for-stm32.9-2020-q2-update.win32_2.0.0.202105311346/tools/bin/../lib/gcc/arm-none-eabi/9.3.1/../../../../arm-none-eabi/lib/thumb/v7e-m+fp/hard\libm.a
LOAD d:/stm32cubeide_1.7/stm32cubeide/plugins/com.st.stm32cube.ide.mcu.externaltools.gnu-tools-for-stm32.9-2020-q2-update.win32_2.0.0.202105311346/tools/bin/../lib/gcc/arm-none-eabi/9.3.1/thumb/v7e-m+fp/hard\libgcc.a

.debug_info     0x0000000000000000     0xd17b
 .debug_info    0x0000000000000000      0x569 ./Core/Src/gpio.o
 .debug_info    0x0000000000000569      0x89c ./Core/Src/led_7seg.o
 .debug_info    0x0000000000000e05      0xf39 ./Core/Src/main.o
 .debug_info    0x0000000000001d3e      0x81f ./Core/Src/software_timer.o
 .debug_info    0x000000000000255d      0xa5a ./Core/Src/spi.o
 .debug_info    0x0000000000002fb7      0x394 ./Core/Src/stm32f4xx_hal_msp.o
 .debug_info    0x000000000000334b      0x801 ./Core/Src/stm32f4xx_it.o
 .debug_info    0x0000000000003b4c      0x5a4 ./Core/Src/system_stm32f4xx.o
 .debug_info    0x00000000000040f0      0xc88 ./Core/Src/tim.o
 .debug_info    0x0000000000004d78       0x22 ./Core/Startup/startup_stm32f407zetx.o
 .debug_info    0x0000000000004d9a      0x9b2 ./Drivers/STM32F4xx_HAL_Driver/Src/stm32f4xx_hal.o
 .debug_info    0x000000000000574c      0xed7 ./Drivers/STM32F4xx_HAL_Driver/Src/stm32f4xx_hal_cortex.o
 .debug_info    0x0000000000006623      0x83e ./Drivers/STM32F4xx_HAL_Driver/Src/stm32f4xx_hal_gpio.o
 .debug_info    0x0000000000006e61      0x996 ./Drivers/STM32F4xx_HAL_Driver/Src/stm32f4xx_hal_rcc.o
 .debug_info    0x00000000000077f7     0x17c0 ./Drivers/STM32F4xx_HAL_Driver/Src/stm32f4xx_hal_spi.o
 .debug_info    0x0000000000008fb7     0x2c22 ./Drivers/STM32F4xx_HAL_Driver/Src/stm32f4xx_hal_tim.o
 .debug_info    0x000000000000bbd9     0x15a2 ./Drivers/STM32F4xx_HAL_Driver/Src/stm32f4xx_hal_tim_ex.o

.debug_abbrev   0x0000000000000000     0x1f17
 .debug_abbrev  0x0000000000000000      0x14e ./Core/Src/gpio.o
 .debug_abbrev  0x000000000000014e      0x1a9 ./Core/Src/led_7seg.o
 .debug_abbrev  0x00000000000002f7      0x219 ./Core/Src/main.o
 .debug_abbrev  0x0000000000000510      0x1e6 ./Core/Src/software_timer.o
 .debug_abbrev  0x00000000000006f6      0x1bb ./Core/Src/spi.o
 .debug_abbrev  0x00000000000008b1      0x11d ./Core/Src/stm32f4xx_hal_msp.o
 .debug_abbrev  0x00000000000009ce      0x176 ./Core/Src/stm32f4xx_it.o
 .debug_abbrev  0x0000000000000b44      0x145 ./Core/Src/system_stm32f4xx.o
 .debug_abbrev  0x0000000000000c89      0x1bb ./Core/Src/tim.o
 .debug_abbrev  0x0000000000000e44       0x12 ./Core/Startup/startup_stm32f407zetx.o
 .debug_abbrev  0x0000000000000e56      0x1ed ./Drivers/STM32F4xx_HAL_Driver/Src/stm32f4xx_hal.o
 .debug_abbrev  0x0000000000001043      0x33c ./Drivers/STM32F4xx_HAL_Driver/Src/stm32f4xx_hal_cortex.o
 .debug_abbrev  0x000000000000137f      0x1f1 ./Drivers/STM32F4xx_HAL_Driver/Src/stm32f4xx_hal_gpio.o
 .debug_abbrev  0x0000000000001570      0x275 ./Drivers/STM32F4xx_HAL_Driver/Src/stm32f4xx_hal_rcc.o
 .debug_abbrev  0x00000000000017e5      0x26e ./Drivers/STM32F4xx_HAL_Driver/Src/stm32f4xx_hal_spi.o
 .debug_abbrev  0x0000000000001a53      0x25e ./Drivers/STM32F4xx_HAL_Driver/Src/stm32f4xx_hal_tim.o
 .debug_abbrev  0x0000000000001cb1      0x266 ./Drivers/STM32F4xx_HAL_Driver/Src/stm32f4xx_hal_tim_ex.o

.debug_aranges  0x0000000000000000      0xc10
 .debug_aranges
                0x0000000000000000       0x20 ./Core/Src/gpio.o
 .debug_aranges
                0x0000000000000020       0x48 ./Core/Src/led_7seg.o
 .debug_aranges
                0x0000000000000068       0x50 ./Core/Src/main.o
 .debug_aranges
                0x00000000000000b8       0x30 ./Core/Src/software_timer.o
 .debug_aranges
                0x00000000000000e8       0x30 ./Core/Src/spi.o
 .debug_aranges
                0x0000000000000118       0x20 ./Core/Src/stm32f4xx_hal_msp.o
 .debug_aranges
                0x0000000000000138       0x68 ./Core/Src/stm32f4xx_it.o
 .debug_aranges
                0x00000000000001a0       0x28 ./Core/Src/system_stm32f4xx.o
 .debug_aranges
                0x00000000000001c8       0x30 ./Core/Src/tim.o
 .debug_aranges
                0x00000000000001f8       0x28 ./Core/Startup/startup_stm32f407zetx.o
 .debug_aranges
                0x0000000000000220       0xf0 ./Drivers/STM32F4xx_HAL_Driver/Src/stm32f4xx_hal.o
 .debug_aranges
                0x0000000000000310      0x118 ./Drivers/STM32F4xx_HAL_Driver/Src/stm32f4xx_hal_cortex.o
 .debug_aranges
                0x0000000000000428       0x58 ./Drivers/STM32F4xx_HAL_Driver/Src/stm32f4xx_hal_gpio.o
 .debug_aranges
                0x0000000000000480       0x88 ./Drivers/STM32F4xx_HAL_Driver/Src/stm32f4xx_hal_rcc.o
 .debug_aranges
                0x0000000000000508      0x1d0 ./Drivers/STM32F4xx_HAL_Driver/Src/stm32f4xx_hal_spi.o
 .debug_aranges
                0x00000000000006d8      0x3d0 ./Drivers/STM32F4xx_HAL_Driver/Src/stm32f4xx_hal_tim.o
 .debug_aranges
                0x0000000000000aa8      0x168 ./Drivers/STM32F4xx_HAL_Driver/Src/stm32f4xx_hal_tim_ex.o

.debug_ranges   0x0000000000000000      0xb08
 .debug_ranges  0x0000000000000000       0x10 ./Core/Src/gpio.o
 .debug_ranges  0x0000000000000010       0x38 ./Core/Src/led_7seg.o
 .debug_ranges  0x0000000000000048       0x40 ./Core/Src/main.o
 .debug_ranges  0x0000000000000088       0x20 ./Core/Src/software_timer.o
 .debug_ranges  0x00000000000000a8       0x20 ./Core/Src/spi.o
 .debug_ranges  0x00000000000000c8       0x10 ./Core/Src/stm32f4xx_hal_msp.o
 .debug_ranges  0x00000000000000d8       0x58 ./Core/Src/stm32f4xx_it.o
 .debug_ranges  0x0000000000000130       0x18 ./Core/Src/system_stm32f4xx.o
 .debug_ranges  0x0000000000000148       0x20 ./Core/Src/tim.o
 .debug_ranges  0x0000000000000168       0x20 ./Core/Startup/startup_stm32f407zetx.o
 .debug_ranges  0x0000000000000188       0xe0 ./Drivers/STM32F4xx_HAL_Driver/Src/stm32f4xx_hal.o
 .debug_ranges  0x0000000000000268      0x108 ./Drivers/STM32F4xx_HAL_Driver/Src/stm32f4xx_hal_cortex.o
 .debug_ranges  0x0000000000000370       0x48 ./Drivers/STM32F4xx_HAL_Driver/Src/stm32f4xx_hal_gpio.o
 .debug_ranges  0x00000000000003b8       0x78 ./Drivers/STM32F4xx_HAL_Driver/Src/stm32f4xx_hal_rcc.o
 .debug_ranges  0x0000000000000430      0x1c0 ./Drivers/STM32F4xx_HAL_Driver/Src/stm32f4xx_hal_spi.o
 .debug_ranges  0x00000000000005f0      0x3c0 ./Drivers/STM32F4xx_HAL_Driver/Src/stm32f4xx_hal_tim.o
 .debug_ranges  0x00000000000009b0      0x158 ./Drivers/STM32F4xx_HAL_Driver/Src/stm32f4xx_hal_tim_ex.o

.debug_macro    0x0000000000000000    0x20944
 .debug_macro   0x0000000000000000      0x1e7 ./Core/Src/gpio.o
 .debug_macro   0x00000000000001e7      0xaa8 ./Core/Src/gpio.o
 .debug_macro   0x0000000000000c8f      0x29b ./Core/Src/gpio.o
 .debug_macro   0x0000000000000f2a       0x2e ./Core/Src/gpio.o
 .debug_macro   0x0000000000000f58       0x2f ./Core/Src/gpio.o
 .debug_macro   0x0000000000000f87       0x22 ./Core/Src/gpio.o
 .debug_macro   0x0000000000000fa9       0x8e ./Core/Src/gpio.o
 .debug_macro   0x0000000000001037       0x51 ./Core/Src/gpio.o
 .debug_macro   0x0000000000001088      0x103 ./Core/Src/gpio.o
 .debug_macro   0x000000000000118b       0x6a ./Core/Src/gpio.o
 .debug_macro   0x00000000000011f5      0x1df ./Core/Src/gpio.o
 .debug_macro   0x00000000000013d4       0x1c ./Core/Src/gpio.o
 .debug_macro   0x00000000000013f0       0x22 ./Core/Src/gpio.o
 .debug_macro   0x0000000000001412       0xdf ./Core/Src/gpio.o
 .debug_macro   0x00000000000014f1     0x102d ./Core/Src/gpio.o
 .debug_macro   0x000000000000251e      0x11f ./Core/Src/gpio.o
 .debug_macro   0x000000000000263d    0x15e58 ./Core/Src/gpio.o
 .debug_macro   0x0000000000018495       0x6d ./Core/Src/gpio.o
 .debug_macro   0x0000000000018502     0x3666 ./Core/Src/gpio.o
 .debug_macro   0x000000000001bb68      0x174 ./Core/Src/gpio.o
 .debug_macro   0x000000000001bcdc       0x5c ./Core/Src/gpio.o
 .debug_macro   0x000000000001bd38      0x96b ./Core/Src/gpio.o
 .debug_macro   0x000000000001c6a3      0x9fe ./Core/Src/gpio.o
 .debug_macro   0x000000000001d0a1      0x116 ./Core/Src/gpio.o
 .debug_macro   0x000000000001d1b7      0x13e ./Core/Src/gpio.o
 .debug_macro   0x000000000001d2f5       0xa5 ./Core/Src/gpio.o
 .debug_macro   0x000000000001d39a      0x174 ./Core/Src/gpio.o
 .debug_macro   0x000000000001d50e      0x287 ./Core/Src/gpio.o
 .debug_macro   0x000000000001d795       0x5f ./Core/Src/gpio.o
 .debug_macro   0x000000000001d7f4      0x236 ./Core/Src/gpio.o
 .debug_macro   0x000000000001da2a      0x12c ./Core/Src/gpio.o
 .debug_macro   0x000000000001db56      0x21e ./Core/Src/gpio.o
 .debug_macro   0x000000000001dd74       0x2e ./Core/Src/gpio.o
 .debug_macro   0x000000000001dda2      0x11a ./Core/Src/gpio.o
 .debug_macro   0x000000000001debc       0x7e ./Core/Src/gpio.o
 .debug_macro   0x000000000001df3a       0x89 ./Core/Src/gpio.o
 .debug_macro   0x000000000001dfc3      0x225 ./Core/Src/gpio.o
 .debug_macro   0x000000000001e1e8      0x8d1 ./Core/Src/gpio.o
 .debug_macro   0x000000000001eab9       0x47 ./Core/Src/gpio.o
 .debug_macro   0x000000000001eb00      0x12d ./Core/Src/gpio.o
 .debug_macro   0x000000000001ec2d       0x70 ./Core/Src/gpio.o
 .debug_macro   0x000000000001ec9d      0x1f1 ./Core/Src/led_7seg.o
 .debug_macro   0x000000000001ee8e      0x21f ./Core/Src/main.o
 .debug_macro   0x000000000001f0ad      0x1fb ./Core/Src/software_timer.o
 .debug_macro   0x000000000001f2a8      0x1e7 ./Core/Src/spi.o
 .debug_macro   0x000000000001f48f      0x1dd ./Core/Src/stm32f4xx_hal_msp.o
 .debug_macro   0x000000000001f66c      0x1e7 ./Core/Src/stm32f4xx_it.o
 .debug_macro   0x000000000001f853      0x1ce ./Core/Src/system_stm32f4xx.o
 .debug_macro   0x000000000001fa21      0x1e7 ./Core/Src/tim.o
 .debug_macro   0x000000000001fc08      0x22e ./Drivers/STM32F4xx_HAL_Driver/Src/stm32f4xx_hal.o
 .debug_macro   0x000000000001fe36      0x1ce ./Drivers/STM32F4xx_HAL_Driver/Src/stm32f4xx_hal_cortex.o
 .debug_macro   0x0000000000020004      0x1d4 ./Drivers/STM32F4xx_HAL_Driver/Src/stm32f4xx_hal_gpio.o
 .debug_macro   0x00000000000201d8      0x1f2 ./Drivers/STM32F4xx_HAL_Driver/Src/stm32f4xx_hal_rcc.o
 .debug_macro   0x00000000000203ca      0x1dd ./Drivers/STM32F4xx_HAL_Driver/Src/stm32f4xx_hal_spi.o
 .debug_macro   0x00000000000205a7      0x1cf ./Drivers/STM32F4xx_HAL_Driver/Src/stm32f4xx_hal_tim.o
 .debug_macro   0x0000000000020776      0x1ce ./Drivers/STM32F4xx_HAL_Driver/Src/stm32f4xx_hal_tim_ex.o

.debug_line     0x0000000000000000     0xdc56
 .debug_line    0x0000000000000000      0x6f4 ./Core/Src/gpio.o
 .debug_line    0x00000000000006f4      0x7ac ./Core/Src/led_7seg.o
 .debug_line    0x0000000000000ea0      0x819 ./Core/Src/main.o
 .debug_line    0x00000000000016b9      0x719 ./Core/Src/software_timer.o
 .debug_line    0x0000000000001dd2      0x723 ./Core/Src/spi.o
 .debug_line    0x00000000000024f5      0x6b2 ./Core/Src/stm32f4xx_hal_msp.o
 .debug_line    0x0000000000002ba7      0x78c ./Core/Src/stm32f4xx_it.o
 .debug_line    0x0000000000003333      0x733 ./Core/Src/system_stm32f4xx.o
 .debug_line    0x0000000000003a66      0x71f ./Core/Src/tim.o
 .debug_line    0x0000000000004185       0x88 ./Core/Startup/startup_stm32f407zetx.o
 .debug_line    0x000000000000420d      0x999 ./Drivers/STM32F4xx_HAL_Driver/Src/stm32f4xx_hal.o
 .debug_line    0x0000000000004ba6      0xc48 ./Drivers/STM32F4xx_HAL_Driver/Src/stm32f4xx_hal_cortex.o
 .debug_line    0x00000000000057ee      0xb0f ./Drivers/STM32F4xx_HAL_Driver/Src/stm32f4xx_hal_gpio.o
 .debug_line    0x00000000000062fd      0xd15 ./Drivers/STM32F4xx_HAL_Driver/Src/stm32f4xx_hal_rcc.o
 .debug_line    0x0000000000007012     0x1c21 ./Drivers/STM32F4xx_HAL_Driver/Src/stm32f4xx_hal_spi.o
 .debug_line    0x0000000000008c33     0x368d ./Drivers/STM32F4xx_HAL_Driver/Src/stm32f4xx_hal_tim.o
 .debug_line    0x000000000000c2c0     0x1996 ./Drivers/STM32F4xx_HAL_Driver/Src/stm32f4xx_hal_tim_ex.o

.debug_str      0x0000000000000000    0xc64d9
 .debug_str     0x0000000000000000    0xc2e6b ./Core/Src/gpio.o
                                      0xc30ee (size before relaxing)
 .debug_str     0x00000000000c2e6b      0x473 ./Core/Src/led_7seg.o
                                      0xc344f (size before relaxing)
 .debug_str     0x00000000000c32de      0x479 ./Core/Src/main.o
                                      0xc39aa (size before relaxing)
 .debug_str     0x00000000000c3757       0x88 ./Core/Src/software_timer.o
                                      0xc351d (size before relaxing)
 .debug_str     0x00000000000c37df       0x4b ./Core/Src/spi.o
                                      0xc354b (size before relaxing)
 .debug_str     0x00000000000c382a       0x2c ./Core/Src/stm32f4xx_hal_msp.o
                                      0xc3051 (size before relaxing)
 .debug_str     0x00000000000c3856       0xcd ./Core/Src/stm32f4xx_it.o
                                      0xc3516 (size before relaxing)
 .debug_str     0x00000000000c3923       0xaf ./Core/Src/system_stm32f4xx.o
                                      0xc2f04 (size before relaxing)
 .debug_str     0x00000000000c39d2      0x5c8 ./Core/Src/tim.o
                                      0xc3b6e (size before relaxing)
 .debug_str     0x00000000000c3f9a       0x36 ./Core/Startup/startup_stm32f407zetx.o
                                         0x6e (size before relaxing)
 .debug_str     0x00000000000c3fd0      0x583 ./Drivers/STM32F4xx_HAL_Driver/Src/stm32f4xx_hal.o
                                      0xc39e6 (size before relaxing)
 .debug_str     0x00000000000c4553      0x399 ./Drivers/STM32F4xx_HAL_Driver/Src/stm32f4xx_hal_cortex.o
                                      0xc37d5 (size before relaxing)
 .debug_str     0x00000000000c48ec      0x15f ./Drivers/STM32F4xx_HAL_Driver/Src/stm32f4xx_hal_gpio.o
                                      0xc30ab (size before relaxing)
 .debug_str     0x00000000000c4a4b      0x259 ./Drivers/STM32F4xx_HAL_Driver/Src/stm32f4xx_hal_rcc.o
                                      0xc3306 (size before relaxing)
 .debug_str     0x00000000000c4ca4      0x57f ./Drivers/STM32F4xx_HAL_Driver/Src/stm32f4xx_hal_spi.o
                                      0xc37a8 (size before relaxing)
 .debug_str     0x00000000000c5223      0xdc8 ./Drivers/STM32F4xx_HAL_Driver/Src/stm32f4xx_hal_tim.o
                                      0xc4233 (size before relaxing)
 .debug_str     0x00000000000c5feb      0x4ee ./Drivers/STM32F4xx_HAL_Driver/Src/stm32f4xx_hal_tim_ex.o
                                      0xc39e4 (size before relaxing)

.comment        0x0000000000000000       0x53
 .comment       0x0000000000000000       0x53 ./Core/Src/gpio.o
                                         0x54 (size before relaxing)
 .comment       0x0000000000000053       0x54 ./Core/Src/led_7seg.o
 .comment       0x0000000000000053       0x54 ./Core/Src/main.o
 .comment       0x0000000000000053       0x54 ./Core/Src/software_timer.o
 .comment       0x0000000000000053       0x54 ./Core/Src/spi.o
 .comment       0x0000000000000053       0x54 ./Core/Src/stm32f4xx_hal_msp.o
 .comment       0x0000000000000053       0x54 ./Core/Src/stm32f4xx_it.o
 .comment       0x0000000000000053       0x54 ./Core/Src/system_stm32f4xx.o
 .comment       0x0000000000000053       0x54 ./Core/Src/tim.o
 .comment       0x0000000000000053       0x54 ./Drivers/STM32F4xx_HAL_Driver/Src/stm32f4xx_hal.o
 .comment       0x0000000000000053       0x54 ./Drivers/STM32F4xx_HAL_Driver/Src/stm32f4xx_hal_cortex.o
 .comment       0x0000000000000053       0x54 ./Drivers/STM32F4xx_HAL_Driver/Src/stm32f4xx_hal_gpio.o
 .comment       0x0000000000000053       0x54 ./Drivers/STM32F4xx_HAL_Driver/Src/stm32f4xx_hal_rcc.o
 .comment       0x0000000000000053       0x54 ./Drivers/STM32F4xx_HAL_Driver/Src/stm32f4xx_hal_spi.o
 .comment       0x0000000000000053       0x54 ./Drivers/STM32F4xx_HAL_Driver/Src/stm32f4xx_hal_tim.o
 .comment       0x0000000000000053       0x54 ./Drivers/STM32F4xx_HAL_Driver/Src/stm32f4xx_hal_tim_ex.o

.debug_frame    0x0000000000000000     0x3120
 .debug_frame   0x0000000000000000       0x34 ./Core/Src/gpio.o
 .debug_frame   0x0000000000000034       0xe8 ./Core/Src/led_7seg.o
 .debug_frame   0x000000000000011c       0xd8 ./Core/Src/main.o
 .debug_frame   0x00000000000001f4       0x78 ./Core/Src/software_timer.o
 .debug_frame   0x000000000000026c       0x74 ./Core/Src/spi.o
 .debug_frame   0x00000000000002e0       0x38 ./Core/Src/stm32f4xx_hal_msp.o
 .debug_frame   0x0000000000000318      0x120 ./Core/Src/stm32f4xx_it.o
 .debug_frame   0x0000000000000438       0x58 ./Core/Src/system_stm32f4xx.o
 .debug_frame   0x0000000000000490       0x7c ./Core/Src/tim.o
 .debug_frame   0x000000000000050c      0x374 ./Drivers/STM32F4xx_HAL_Driver/Src/stm32f4xx_hal.o
 .debug_frame   0x0000000000000880      0x498 ./Drivers/STM32F4xx_HAL_Driver/Src/stm32f4xx_hal_cortex.o
 .debug_frame   0x0000000000000d18      0x14c ./Drivers/STM32F4xx_HAL_Driver/Src/stm32f4xx_hal_gpio.o
 .debug_frame   0x0000000000000e64      0x1f0 ./Drivers/STM32F4xx_HAL_Driver/Src/stm32f4xx_hal_rcc.o
 .debug_frame   0x0000000000001054      0x824 ./Drivers/STM32F4xx_HAL_Driver/Src/stm32f4xx_hal_spi.o
 .debug_frame   0x0000000000001878     0x11c4 ./Drivers/STM32F4xx_HAL_Driver/Src/stm32f4xx_hal_tim.o
 .debug_frame   0x0000000000002a3c      0x638 ./Drivers/STM32F4xx_HAL_Driver/Src/stm32f4xx_hal_tim_ex.o
 .debug_frame   0x0000000000003074       0x2c d:/stm32cubeide_1.7/stm32cubeide/plugins/com.st.stm32cube.ide.mcu.externaltools.gnu-tools-for-stm32.9-2020-q2-update.win32_2.0.0.202105311346/tools/bin/../lib/gcc/arm-none-eabi/9.3.1/../../../../arm-none-eabi/lib/thumb/v7e-m+fp/hard\libc_nano.a(lib_a-init.o)
 .debug_frame   0x00000000000030a0       0x20 d:/stm32cubeide_1.7/stm32cubeide/plugins/com.st.stm32cube.ide.mcu.externaltools.gnu-tools-for-stm32.9-2020-q2-update.win32_2.0.0.202105311346/tools/bin/../lib/gcc/arm-none-eabi/9.3.1/../../../../arm-none-eabi/lib/thumb/v7e-m+fp/hard\libc_nano.a(lib_a-memset.o)
 .debug_frame   0x00000000000030c0       0x2c d:/stm32cubeide_1.7/stm32cubeide/plugins/com.st.stm32cube.ide.mcu.externaltools.gnu-tools-for-stm32.9-2020-q2-update.win32_2.0.0.202105311346/tools/bin/../lib/gcc/arm-none-eabi/9.3.1/thumb/v7e-m+fp/hard\libgcc.a(_aeabi_uldivmod.o)
 .debug_frame   0x00000000000030ec       0x34 d:/stm32cubeide_1.7/stm32cubeide/plugins/com.st.stm32cube.ide.mcu.externaltools.gnu-tools-for-stm32.9-2020-q2-update.win32_2.0.0.202105311346/tools/bin/../lib/gcc/arm-none-eabi/9.3.1/thumb/v7e-m+fp/hard\libgcc.a(_udivmoddi4.o)
